Archive member included to satisfy reference by file (symbol)

c:/st/stm32cubeide_1.6.1/stm32cubeide/plugins/com.st.stm32cube.ide.mcu.externaltools.gnu-tools-for-stm32.9-2020-q2-update.win32_1.5.0.202011040924/tools/bin/../lib/gcc/arm-none-eabi/9.3.1/../../../../arm-none-eabi/lib/thumb/v7e-m+fp/hard\libc_nano.a(lib_a-errno.o)
                              Core/Src/syscalls.o (__errno)
c:/st/stm32cubeide_1.6.1/stm32cubeide/plugins/com.st.stm32cube.ide.mcu.externaltools.gnu-tools-for-stm32.9-2020-q2-update.win32_1.5.0.202011040924/tools/bin/../lib/gcc/arm-none-eabi/9.3.1/../../../../arm-none-eabi/lib/thumb/v7e-m+fp/hard\libc_nano.a(lib_a-exit.o)
                              c:/st/stm32cubeide_1.6.1/stm32cubeide/plugins/com.st.stm32cube.ide.mcu.externaltools.gnu-tools-for-stm32.9-2020-q2-update.win32_1.5.0.202011040924/tools/bin/../lib/gcc/arm-none-eabi/9.3.1/../../../../arm-none-eabi/lib/thumb/v7e-m+fp/hard/crt0.o (exit)
c:/st/stm32cubeide_1.6.1/stm32cubeide/plugins/com.st.stm32cube.ide.mcu.externaltools.gnu-tools-for-stm32.9-2020-q2-update.win32_1.5.0.202011040924/tools/bin/../lib/gcc/arm-none-eabi/9.3.1/../../../../arm-none-eabi/lib/thumb/v7e-m+fp/hard\libc_nano.a(lib_a-fwrite.o)
                              Core/Src/Console_main.o (fwrite)
c:/st/stm32cubeide_1.6.1/stm32cubeide/plugins/com.st.stm32cube.ide.mcu.externaltools.gnu-tools-for-stm32.9-2020-q2-update.win32_1.5.0.202011040924/tools/bin/../lib/gcc/arm-none-eabi/9.3.1/../../../../arm-none-eabi/lib/thumb/v7e-m+fp/hard\libc_nano.a(lib_a-gets.o)
                              Core/Src/Console_main.o (gets)
c:/st/stm32cubeide_1.6.1/stm32cubeide/plugins/com.st.stm32cube.ide.mcu.externaltools.gnu-tools-for-stm32.9-2020-q2-update.win32_1.5.0.202011040924/tools/bin/../lib/gcc/arm-none-eabi/9.3.1/../../../../arm-none-eabi/lib/thumb/v7e-m+fp/hard\libc_nano.a(lib_a-impure.o)
                              c:/st/stm32cubeide_1.6.1/stm32cubeide/plugins/com.st.stm32cube.ide.mcu.externaltools.gnu-tools-for-stm32.9-2020-q2-update.win32_1.5.0.202011040924/tools/bin/../lib/gcc/arm-none-eabi/9.3.1/../../../../arm-none-eabi/lib/thumb/v7e-m+fp/hard\libc_nano.a(lib_a-exit.o) (_global_impure_ptr)
c:/st/stm32cubeide_1.6.1/stm32cubeide/plugins/com.st.stm32cube.ide.mcu.externaltools.gnu-tools-for-stm32.9-2020-q2-update.win32_1.5.0.202011040924/tools/bin/../lib/gcc/arm-none-eabi/9.3.1/../../../../arm-none-eabi/lib/thumb/v7e-m+fp/hard\libc_nano.a(lib_a-init.o)
                              c:/st/stm32cubeide_1.6.1/stm32cubeide/plugins/com.st.stm32cube.ide.mcu.externaltools.gnu-tools-for-stm32.9-2020-q2-update.win32_1.5.0.202011040924/tools/bin/../lib/gcc/arm-none-eabi/9.3.1/../../../../arm-none-eabi/lib/thumb/v7e-m+fp/hard/crt0.o (__libc_init_array)
c:/st/stm32cubeide_1.6.1/stm32cubeide/plugins/com.st.stm32cube.ide.mcu.externaltools.gnu-tools-for-stm32.9-2020-q2-update.win32_1.5.0.202011040924/tools/bin/../lib/gcc/arm-none-eabi/9.3.1/../../../../arm-none-eabi/lib/thumb/v7e-m+fp/hard\libc_nano.a(lib_a-lock.o)
                              c:/st/stm32cubeide_1.6.1/stm32cubeide/plugins/com.st.stm32cube.ide.mcu.externaltools.gnu-tools-for-stm32.9-2020-q2-update.win32_1.5.0.202011040924/tools/bin/../lib/gcc/arm-none-eabi/9.3.1/../../../../arm-none-eabi/lib/thumb/v7e-m+fp/hard\libc_nano.a(lib_a-fwrite.o) (__retarget_lock_acquire_recursive)
c:/st/stm32cubeide_1.6.1/stm32cubeide/plugins/com.st.stm32cube.ide.mcu.externaltools.gnu-tools-for-stm32.9-2020-q2-update.win32_1.5.0.202011040924/tools/bin/../lib/gcc/arm-none-eabi/9.3.1/../../../../arm-none-eabi/lib/thumb/v7e-m+fp/hard\libc_nano.a(lib_a-memset.o)
                              c:/st/stm32cubeide_1.6.1/stm32cubeide/plugins/com.st.stm32cube.ide.mcu.externaltools.gnu-tools-for-stm32.9-2020-q2-update.win32_1.5.0.202011040924/tools/bin/../lib/gcc/arm-none-eabi/9.3.1/../../../../arm-none-eabi/lib/thumb/v7e-m+fp/hard/crt0.o (memset)
c:/st/stm32cubeide_1.6.1/stm32cubeide/plugins/com.st.stm32cube.ide.mcu.externaltools.gnu-tools-for-stm32.9-2020-q2-update.win32_1.5.0.202011040924/tools/bin/../lib/gcc/arm-none-eabi/9.3.1/../../../../arm-none-eabi/lib/thumb/v7e-m+fp/hard\libc_nano.a(lib_a-printf.o)
                              Core/Src/Console_main.o (printf)
c:/st/stm32cubeide_1.6.1/stm32cubeide/plugins/com.st.stm32cube.ide.mcu.externaltools.gnu-tools-for-stm32.9-2020-q2-update.win32_1.5.0.202011040924/tools/bin/../lib/gcc/arm-none-eabi/9.3.1/../../../../arm-none-eabi/lib/thumb/v7e-m+fp/hard\libc_nano.a(lib_a-puts.o)
                              Core/Src/Console_main.o (puts)
c:/st/stm32cubeide_1.6.1/stm32cubeide/plugins/com.st.stm32cube.ide.mcu.externaltools.gnu-tools-for-stm32.9-2020-q2-update.win32_1.5.0.202011040924/tools/bin/../lib/gcc/arm-none-eabi/9.3.1/../../../../arm-none-eabi/lib/thumb/v7e-m+fp/hard\libc_nano.a(lib_a-rget.o)
[...]
Memory Configuration

Name             Origin             Length             Attributes
RAM              0x0000000020000000 0x0000000000018000 xrw
FLASH            0x0000000008000000 0x0000000000080000 xr
*default*        0x0000000000000000 0xffffffffffffffff

Linker script and memory map

LOAD c:/st/stm32cubeide_1.6.1/stm32cubeide/plugins/com.st.stm32cube.ide.mcu.externaltools.gnu-tools-for-stm32.9-2020-q2-update.win32_1.5.0.202011040924/tools/bin/../lib/gcc/arm-none-eabi/9.3.1/thumb/v7e-m+fp/hard/crti.o
LOAD c:/st/stm32cubeide_1.6.1/stm32cubeide/plugins/com.st.stm32cube.ide.mcu.externaltools.gnu-tools-for-stm32.9-2020-q2-update.win32_1.5.0.202011040924/tools/bin/../lib/gcc/arm-none-eabi/9.3.1/thumb/v7e-m+fp/hard/crtbegin.o
LOAD c:/st/stm32cubeide_1.6.1/stm32cubeide/plugins/com.st.stm32cube.ide.mcu.externaltools.gnu-tools-for-stm32.9-2020-q2-update.win32_1.5.0.202011040924/tools/bin/../lib/gcc/arm-none-eabi/9.3.1/../../../../arm-none-eabi/lib/thumb/v7e-m+fp/hard/crt0.o
LOAD Core/Src/Console_main.o
LOAD Core/Src/stm32f4xx_hal_msp.o
LOAD Core/Src/stm32f4xx_it.o
LOAD Core/Src/syscalls.o
LOAD Core/Src/sysmem.o
LOAD Core/Src/system_stm32f4xx.o
LOAD Core/Startup/startup_stm32f401retx.o
LOAD Drivers/STM32F4xx_HAL_Driver/Src/stm32f4xx_hal.o
LOAD Drivers/STM32F4xx_HAL_Driver/Src/stm32f4xx_hal_cortex.o
LOAD Drivers/STM32F4xx_HAL_Driver/Src/stm32f4xx_hal_dma.o
LOAD Drivers/STM32F4xx_HAL_Driver/Src/stm32f4xx_hal_dma_ex.o
LOAD Drivers/STM32F4xx_HAL_Driver/Src/stm32f4xx_hal_exti.o
LOAD Drivers/STM32F4xx_HAL_Driver/Src/stm32f4xx_hal_flash.o
LOAD Drivers/STM32F4xx_HAL_Driver/Src/stm32f4xx_hal_flash_ex.o
LOAD Drivers/STM32F4xx_HAL_Driver/Src/stm32f4xx_hal_flash_ramfunc.o
LOAD Drivers/STM32F4xx_HAL_Driver/Src/stm32f4xx_hal_gpio.o
LOAD Drivers/STM32F4xx_HAL_Driver/Src/stm32f4xx_hal_pwr.o
LOAD Drivers/STM32F4xx_HAL_Driver/Src/stm32f4xx_hal_pwr_ex.o
LOAD Drivers/STM32F4xx_HAL_Driver/Src/stm32f4xx_hal_rcc.o
LOAD Drivers/STM32F4xx_HAL_Driver/Src/stm32f4xx_hal_rcc_ex.o
LOAD Drivers/STM32F4xx_HAL_Driver/Src/stm32f4xx_hal_tim.o
LOAD Drivers/STM32F4xx_HAL_Driver/Src/stm32f4xx_hal_tim_ex.o
START GROUP
LOAD c:/st/stm32cubeide_1.6.1/stm32cubeide/plugins/com.st.stm32cube.ide.mcu.externaltools.gnu-tools-for-stm32.9-2020-q2-update.win32_1.5.0.202011040924/tools/bin/../lib/gcc/arm-none-eabi/9.3.1/../../../../arm-none-eabi/lib/thumb/v7e-m+fp/hard\libc_nano.a
LOAD c:/st/stm32cubeide_1.6.1/stm32cubeide/plugins/com.st.stm32cube.ide.mcu.externaltools.gnu-tools-for-stm32.9-2020-q2-update.win32_1.5.0.202011040924/tools/bin/../lib/gcc/arm-none-eabi/9.3.1/../../../../arm-none-eabi/lib/thumb/v7e-m+fp/hard\libm.a
END GROUP
START GROUP
LOAD c:/st/stm32cubeide_1.6.1/stm32cubeide/plugins/com.st.stm32cube.ide.mcu.externaltools.gnu-tools-for-stm32.9-2020-q2-update.win32_1.5.0.202011040924/tools/bin/../lib/gcc/arm-none-eabi/9.3.1/thumb/v7e-m+fp/hard\libgcc.a
LOAD c:/st/stm32cubeide_1.6.1/stm32cubeide/plugins/com.st.stm32cube.ide.mcu.externaltools.gnu-tools-for-stm32.9-2020-q2-update.win32_1.5.0.202011040924/tools/bin/../lib/gcc/arm-none-eabi/9.3.1/../../../../arm-none-eabi/lib/thumb/v7e-m+fp/hard\libc_nano.a
END GROUP
START GROUP
LOAD c:/st/stm32cubeide_1.6.1/stm32cubeide/plugins/com.st.stm32cube.ide.mcu.externaltools.gnu-tools-for-stm32.9-2020-q2-update.win32_1.5.0.202011040924/tools/bin/../lib/gcc/arm-none-eabi/9.3.1/thumb/v7e-m+fp/hard\libgcc.a
LOAD c:/st/stm32cubeide_1.6.1/stm32cubeide/plugins/com.st.stm32cube.ide.mcu.externaltools.gnu-tools-for-stm32.9-2020-q2-update.win32_1.5.0.202011040924/tools/bin/../lib/gcc/arm-none-eabi/9.3.1/../../../../arm-none-eabi/lib/thumb/v7e-m+fp/hard\libc_nano.a
LOAD c:/st/stm32cubeide_1.6.1/stm32cubeide/plugins/com.st.stm32cube.ide.mcu.externaltools.gnu-tools-for-stm32.9-2020-q2-update.win32_1.5.0.202011040924/tools/bin/../lib/gcc/arm-none-eabi/9.3.1/../../../../arm-none-eabi/lib/thumb/v7e-m+fp/hard\libnosys.a
END GROUP
START GROUP
LOAD c:/st/stm32cubeide_1.6.1/stm32cubeide/plugins/com.st.stm32cube.ide.mcu.externaltools.gnu-tools-for-stm32.9-2020-q2-update.win32_1.5.0.202011040924/tools/bin/../lib/gcc/arm-none-eabi/9.3.1/thumb/v7e-m+fp/hard\libgcc.a
LOAD c:/st/stm32cubeide_1.6.1/stm32cubeide/plugins/com.st.stm32cube.ide.mcu.externaltools.gnu-tools-for-stm32.9-2020-q2-update.win32_1.5.0.202011040924/tools/bin/../lib/gcc/arm-none-eabi/9.3.1/../../../../arm-none-eabi/lib/thumb/v7e-m+fp/hard\libc_nano.a
LOAD c:/st/stm32cubeide_1.6.1/stm32cubeide/plugins/com.st.stm32cube.ide.mcu.externaltools.gnu-tools-for-stm32.9-2020-q2-update.win32_1.5.0.202011040924/tools/bin/../lib/gcc/arm-none-eabi/9.3.1/../../../../arm-none-eabi/lib/thumb/v7e-m+fp/hard\libnosys.a
END GROUP
LOAD c:/st/stm32cubeide_1.6.1/stm32cubeide/plugins/com.st.stm32cube.ide.mcu.externaltools.gnu-tools-for-stm32.9-2020-q2-update.win32_1.5.0.202011040924/tools/bin/../lib/gcc/arm-none-eabi/9.3.1/thumb/v7e-m+fp/hard/crtend.o
LOAD c:/st/stm32cubeide_1.6.1/stm32cubeide/plugins/com.st.stm32cube.ide.mcu.externaltools.gnu-tools-for-stm32.9-2020-q2-update.win32_1.5.0.202011040924/tools/bin/../lib/gcc/arm-none-eabi/9.3.1/thumb/v7e-m+fp/hard/crtn.o
                0x0000000020018000                _estack = (ORIGIN (RAM) + LENGTH (RAM))
                0x0000000000000200                _Min_Heap_Size = 0x200
                0x0000000000000400                _Min_Stack_Size = 0x400

.isr_vector     0x0000000008000000      0x194
                0x0000000008000000                . = ALIGN (0x4)
 *(.isr_vector)
 .isr_vector    0x0000000008000000      0x194 Core/Startup/startup_stm32f401retx.o
                0x0000000008000000                g_pfnVectors
                0x0000000008000194                . = ALIGN (0x4)

.text           0x00000000080001a0     0x22dc
                0x00000000080001a0                . = ALIGN (0x4)
 *(.text)
 .text          0x00000000080001a0       0x40 c:/st/stm32cubeide_1.6.1/stm32cubeide/plugins/com.st.stm32cube.ide.mcu.externaltools.gnu-tools-for-stm32.9-2020-q2-update.win32_1.5.0.202011040924/tools/bin/../lib/gcc/arm-none-eabi/9.3.1/thumb/v7e-m+fp/hard/crtbegin.o
 .text          0x00000000080001e0       0xa0 c:/st/stm32cubeide_1.6.1/stm32cubeide/plugins/com.st.stm32cube.ide.mcu.externaltools.gnu-tools-for-stm32.9-2020-q2-update.win32_1.5.0.202011040924/tools/bin/../lib/gcc/arm-none-eabi/9.3.1/../../../../arm-none-eabi/lib/thumb/v7e-m+fp/hard\libc_nano.a(lib_a-memchr.o)
                0x00000000080001e0                memchr
 *(.text*)
 .text.main     0x0000000008000280       0x98 Core/Src/Console_main.o
                0x0000000008000280                main
 .text.USART2_init
                0x0000000008000318       0x90 Core/Src/Console_main.o
                0x0000000008000318                USART2_init
 .text.NMI_Handler
                0x00000000080003a8        0x6 Core/Src/stm32f4xx_it.o
                0x00000000080003a8                NMI_Handler
 .text.HardFault_Handler
                0x00000000080003ae        0x6 Core/Src/stm32f4xx_it.o
                0x00000000080003ae                HardFault_Handler
 .text.MemManage_Handler
                0x00000000080003b4        0x6 Core/Src/stm32f4xx_it.o
                0x00000000080003b4                MemManage_Handler
 .text.BusFault_Handler
                0x00000000080003ba        0x6 Core/Src/stm32f4xx_it.o
                0x00000000080003ba                BusFault_Handler
 .text.UsageFault_Handler
                0x00000000080003c0        0x6 Core/Src/stm32f4xx_it.o
                0x00000000080003c0                UsageFault_Handler
 .text.SVC_Handler
                0x00000000080003c6        0xe Core/Src/stm32f4xx_it.o
                0x00000000080003c6                SVC_Handler
 .text.DebugMon_Handler
                0x00000000080003d4        0xe Core/Src/stm32f4xx_it.o
                0x00000000080003d4                DebugMon_Handler
 .text.PendSV_Handler
                0x00000000080003e2        0xe Core/Src/stm32f4xx_it.o
                0x00000000080003e2                PendSV_Handler
 .text.SysTick_Handler
                0x00000000080003f0        0xc Core/Src/stm32f4xx_it.o
                0x00000000080003f0                SysTick_Handler
 .text._read    0x00000000080003fc       0x3a Core/Src/syscalls.o
                0x00000000080003fc                _read
 .text._write   0x0000000008000436       0x38 Core/Src/syscalls.o
                0x0000000008000436                _write
 .text._close   0x000000000800046e       0x18 Core/Src/syscalls.o
                0x000000000800046e                _close
 .text._fstat   0x0000000008000486       0x20 Core/Src/syscalls.o
                0x0000000008000486                _fstat
 .text._isatty  0x00000000080004a6       0x16 Core/Src/syscalls.o
                0x00000000080004a6                _isatty
 .text._lseek   0x00000000080004bc       0x1a Core/Src/syscalls.o
                0x00000000080004bc                _lseek
 *fill*         0x00000000080004d6        0x2 
 .text._sbrk    0x00000000080004d8       0x6c Core/Src/sysmem.o
                0x00000000080004d8                _sbrk
 .text.SystemInit
                0x0000000008000544       0x24 Core/Src/system_stm32f4xx.o
                0x0000000008000544                SystemInit
 .text.Reset_Handler
                0x0000000008000568       0x50 Core/Startup/startup_stm32f401retx.o
                0x0000000008000568                Reset_Handler
 .text.Default_Handler
                0x00000000080005b8        0x2 Core/Startup/startup_stm32f401retx.o
                0x00000000080005b8                RTC_Alarm_IRQHandler
                0x00000000080005b8                EXTI2_IRQHandler
                0x00000000080005b8                SPI4_IRQHandler
                0x00000000080005b8                TIM1_CC_IRQHandler
                0x00000000080005b8                DMA2_Stream5_IRQHandler
                0x00000000080005b8                DMA1_Stream5_IRQHandler
                0x00000000080005b8                PVD_IRQHandler
                0x00000000080005b8                SDIO_IRQHandler
                0x00000000080005b8                TAMP_STAMP_IRQHandler
                0x00000000080005b8                EXTI3_IRQHandler
                0x00000000080005b8                TIM1_UP_TIM10_IRQHandler
                0x00000000080005b8                I2C3_ER_IRQHandler
                0x00000000080005b8                EXTI0_IRQHandler
                0x00000000080005b8                I2C2_EV_IRQHandler
                0x00000000080005b8                DMA1_Stream2_IRQHandler
                0x00000000080005b8                FPU_IRQHandler
                0x00000000080005b8                DMA2_Stream2_IRQHandler
                0x00000000080005b8                SPI1_IRQHandler
                0x00000000080005b8                TIM1_BRK_TIM9_IRQHandler
                0x00000000080005b8                DMA2_Stream3_IRQHandler
                0x00000000080005b8                USART6_IRQHandler
                0x00000000080005b8                DMA2_Stream0_IRQHandler
                0x00000000080005b8                TIM4_IRQHandler
                0x00000000080005b8                I2C1_EV_IRQHandler
                0x00000000080005b8                DMA1_Stream6_IRQHandler
                0x00000000080005b8                DMA1_Stream1_IRQHandler
                0x00000000080005b8                TIM3_IRQHandler
                0x00000000080005b8                RCC_IRQHandler
                0x00000000080005b8                Default_Handler
                0x00000000080005b8                EXTI15_10_IRQHandler
                0x00000000080005b8                ADC_IRQHandler
                0x00000000080005b8                DMA1_Stream7_IRQHandler
                0x00000000080005b8                TIM5_IRQHandler
                0x00000000080005b8                DMA2_Stream7_IRQHandler
                0x00000000080005b8                I2C3_EV_IRQHandler
                0x00000000080005b8                EXTI9_5_IRQHandler
                0x00000000080005b8                RTC_WKUP_IRQHandler
                0x00000000080005b8                SPI2_IRQHandler
                0x00000000080005b8                DMA1_Stream0_IRQHandler
                0x00000000080005b8                EXTI4_IRQHandler
                0x00000000080005b8                WWDG_IRQHandler
                0x00000000080005b8                TIM2_IRQHandler
                0x00000000080005b8                OTG_FS_WKUP_IRQHandler
                0x00000000080005b8                TIM1_TRG_COM_TIM11_IRQHandler
                0x00000000080005b8                EXTI1_IRQHandler
                0x00000000080005b8                USART2_IRQHandler
                0x00000000080005b8                I2C2_ER_IRQHandler
                0x00000000080005b8                DMA2_Stream1_IRQHandler
                0x00000000080005b8                FLASH_IRQHandler
                0x00000000080005b8                DMA2_Stream4_IRQHandler
                0x00000000080005b8                USART1_IRQHandler
                0x00000000080005b8                OTG_FS_IRQHandler
                0x00000000080005b8                SPI3_IRQHandler
                0x00000000080005b8                DMA1_Stream4_IRQHandler
                0x00000000080005b8                I2C1_ER_IRQHandler
                0x00000000080005b8                DMA2_Stream6_IRQHandler
                0x00000000080005b8                DMA1_Stream3_IRQHandler
 *fill*         0x00000000080005ba        0x2 
 .text.HAL_IncTick
                0x00000000080005bc       0x28 Drivers/STM32F4xx_HAL_Driver/Src/stm32f4xx_hal.o
                0x00000000080005bc                HAL_IncTick
 .text.__errno  0x00000000080005e4        0xc c:/st/stm32cubeide_1.6.1/stm32cubeide/plugins/com.st.stm32cube.ide.mcu.externaltools.gnu-tools-for-stm32.9-2020-q2-update.win32_1.5.0.202011040924/tools/bin/../lib/gcc/arm-none-eabi/9.3.1/../../../../arm-none-eabi/lib/thumb/v7e-m+fp/hard\libc_nano.a(lib_a-errno.o)
                0x00000000080005e4                __errno
 .text._fwrite_r
                0x00000000080005f0       0xc0 c:/st/stm32cubeide_1.6.1/stm32cubeide/plugins/com.st.stm32cube.ide.mcu.externaltools.gnu-tools-for-stm32.9-2020-q2-update.win32_1.5.0.202011040924/tools/bin/../lib/gcc/arm-none-eabi/9.3.1/../../../../arm-none-eabi/lib/thumb/v7e-m+fp/hard\libc_nano.a(lib_a-fwrite.o)
                0x00000000080005f0                _fwrite_r
 .text.fwrite   0x00000000080006b0       0x1c c:/st/stm32cubeide_1.6.1/stm32cubeide/plugins/com.st.stm32cube.ide.mcu.externaltools.gnu-tools-for-stm32.9-2020-q2-update.win32_1.5.0.202011040924/tools/bin/../lib/gcc/arm-none-eabi/9.3.1/../../../../arm-none-eabi/lib/thumb/v7e-m+fp/hard\libc_nano.a(lib_a-fwrite.o)
                0x00000000080006b0                fwrite
 .text._gets_r  0x00000000080006cc       0xc0 c:/st/stm32cubeide_1.6.1/stm32cubeide/plugins/com.st.stm32cube.ide.mcu.externaltools.gnu-tools-for-stm32.9-2020-q2-update.win32_1.5.0.202011040924/tools/bin/../lib/gcc/arm-none-eabi/9.3.1/../../../../arm-none-eabi/lib/thumb/v7e-m+fp/hard\libc_nano.a(lib_a-gets.o)
                0x00000000080006cc                _gets_r
 .text.gets     0x000000000800078c       0x10 c:/st/stm32cubeide_1.6.1/stm32cubeide/plugins/com.st.stm32cube.ide.mcu.externaltools.gnu-tools-for-stm32.9-2020-q2-update.win32_1.5.0.202011040924/tools/bin/../lib/gcc/arm-none-eabi/9.3.1/../../../../arm-none-eabi/lib/thumb/v7e-m+fp/hard\libc_nano.a(lib_a-gets.o)
                0x000000000800078c                gets
 .text.__libc_init_array
                0x000000000800079c       0x48 c:/st/stm32cubeide_1.6.1/stm32cubeide/plugins/com.st.stm32cube.ide.mcu.externaltools.gnu-tools-for-stm32.9-2020-q2-update.win32_1.5.0.202011040924/tools/bin/../lib/gcc/arm-none-eabi/9.3.1/../../../../arm-none-eabi/lib/thumb/v7e-m+fp/hard\libc_nano.a(lib_a-init.o)
                0x000000000800079c                __libc_init_array
 .text.__retarget_lock_init_recursive
                0x00000000080007e4        0x2 c:/st/stm32cubeide_1.6.1/stm32cubeide/plugins/com.st.stm32cube.ide.mcu.externaltools.gnu-tools-for-stm32.9-2020-q2-update.win32_1.5.0.202011040924/tools/bin/../lib/gcc/arm-none-eabi/9.3.1/../../../../arm-none-eabi/lib/thumb/v7e-m+fp/hard\libc_nano.a(lib_a-lock.o)
                0x00000000080007e4                __retarget_lock_init_recursive
 .text.__retarget_lock_acquire_recursive
                0x00000000080007e6        0x2 c:/st/stm32cubeide_1.6.1/stm32cubeide/plugins/com.st.stm32cube.ide.mcu.externaltools.gnu-tools-for-stm32.9-2020-q2-update.win32_1.5.0.202011040924/tools/bin/../lib/gcc/arm-none-eabi/9.3.1/../../../../arm-none-eabi/lib/thumb/v7e-m+fp/hard\libc_nano.a(lib_a-lock.o)
                0x00000000080007e6                __retarget_lock_acquire_recursive
 .text.__retarget_lock_release_recursive
                0x00000000080007e8        0x2 c:/st/stm32cubeide_1.6.1/stm32cubeide/plugins/com.st.stm32cube.ide.mcu.externaltools.gnu-tools-for-stm32.9-2020-q2-update.win32_1.5.0.202011040924/tools/bin/../lib/gcc/arm-none-eabi/9.3.1/../../../../arm-none-eabi/lib/thumb/v7e-m+fp/hard\libc_nano.a(lib_a-lock.o)
                0x00000000080007e8                __retarget_lock_release_recursive
 .text.memset   0x00000000080007ea       0x10 c:/st/stm32cubeide_1.6.1/stm32cubeide/plugins/com.st.stm32cube.ide.mcu.externaltools.gnu-tools-for-stm32.9-2020-q2-update.win32_1.5.0.202011040924/tools/bin/../lib/gcc/arm-none-eabi/9.3.1/../../../../arm-none-eabi/lib/thumb/v7e-m+fp/hard\libc_nano.a(lib_a-memset.o)
                0x00000000080007ea                memset
 *fill*         0x00000000080007fa        0x2 
 .text.printf   0x00000000080007fc       0x30 c:/st/stm32cubeide_1.6.1/stm32cubeide/plugins/com.st.stm32cube.ide.mcu.externaltools.gnu-tools-for-stm32.9-2020-q2-update.win32_1.5.0.202011040924/tools/bin/../lib/gcc/arm-none-eabi/9.3.1/../../../../arm-none-eabi/lib/thumb/v7e-m+fp/hard\libc_nano.a(lib_a-printf.o)
                0x00000000080007fc                iprintf
                0x00000000080007fc                printf
 .text._puts_r  0x000000000800082c       0xdc c:/st/stm32cubeide_1.6.1/stm32cubeide/plugins/com.st.stm32cube.ide.mcu.externaltools.gnu-tools-for-stm32.9-2020-q2-update.win32_1.5.0.202011040924/tools/bin/../lib/gcc/arm-none-eabi/9.3.1/../../../../arm-none-eabi/lib/thumb/v7e-m+fp/hard\libc_nano.a(lib_a-puts.o)
                0x000000000800082c                _puts_r
 .text.puts     0x0000000008000908       0x10 c:/st/stm32cubeide_1.6.1/stm32cubeide/plugins/com.st.stm32cube.ide.mcu.externaltools.gnu-tools-for-stm32.9-2020-q2-update.win32_1.5.0.202011040924/tools/bin/../lib/gcc/arm-none-eabi/9.3.1/../../../../arm-none-eabi/lib/thumb/v7e-m+fp/hard\libc_nano.a(lib_a-puts.o)
                0x0000000008000908                puts
 .text.__srget_r
                0x0000000008000918       0x58 c:/st/stm32cubeide_1.6.1/stm32cubeide/plugins/com.st.stm32cube.ide.mcu.externaltools.gnu-tools-for-stm32.9-2020-q2-update.win32_1.5.0.202011040924/tools/bin/../lib/gcc/arm-none-eabi/9.3.1/../../../../arm-none-eabi/lib/thumb/v7e-m+fp/hard\libc_nano.a(lib_a-rget.o)
                0x0000000008000918                __srget_r
 .text.scanf    0x0000000008000970       0x30 c:/st/stm32cubeide_1.6.1/stm32cubeide/plugins/com.st.stm32cube.ide.mcu.externaltools.gnu-tools-for-stm32.9-2020-q2-update.win32_1.5.0.202011040924/tools/bin/../lib/gcc/arm-none-eabi/9.3.1/../../../../arm-none-eabi/lib/thumb/v7e-m+fp/hard\libc_nano.a(lib_a-scanf.o)
                0x0000000008000970                scanf
                0x0000000008000970                iscanf
 .text.__swbuf_r
                0x00000000080009a0       0xa4 c:/st/stm32cubeide_1.6.1/stm32cubeide/plugins/com.st.stm32cube.ide.mcu.externaltools.gnu-tools-for-stm32.9-2020-q2-update.win32_1.5.0.202011040924/tools/bin/../lib/gcc/arm-none-eabi/9.3.1/../../../../arm-none-eabi/lib/thumb/v7e-m+fp/hard\libc_nano.a(lib_a-wbuf.o)
                0x00000000080009a0                __swbuf_r
 .text.__swsetup_r
                0x0000000008000a44       0xdc c:/st/stm32cubeide_1.6.1/stm32cubeide/plugins/com.st.stm32cube.ide.mcu.externaltools.gnu-tools-for-stm32.9-2020-q2-update.win32_1.5.0.202011040924/tools/bin/../lib/gcc/arm-none-eabi/9.3.1/../../../../arm-none-eabi/lib/thumb/v7e-m+fp/hard\libc_nano.a(lib_a-wsetup.o)
                0x0000000008000a44                __swsetup_r
 .text.__sflush_r
                0x0000000008000b20      0x10c c:/st/stm32cubeide_1.6.1/stm32cubeide/plugins/com.st.stm32cube.ide.mcu.externaltools.gnu-tools-for-stm32.9-2020-q2-update.win32_1.5.0.202011040924/tools/bin/../lib/gcc/arm-none-eabi/9.3.1/../../../../arm-none-eabi/lib/thumb/v7e-m+fp/hard\libc_nano.a(lib_a-fflush.o)
                0x0000000008000b20                __sflush_r
 .text._fflush_r
                0x0000000008000c2c       0x78 c:/st/stm32cubeide_1.6.1/stm32cubeide/plugins/com.st.stm32cube.ide.mcu.externaltools.gnu-tools-for-stm32.9-2020-q2-update.win32_1.5.0.202011040924/tools/bin/../lib/gcc/arm-none-eabi/9.3.1/../../../../arm-none-eabi/lib/thumb/v7e-m+fp/hard\libc_nano.a(lib_a-fflush.o)
                0x0000000008000c2c                _fflush_r
 .text.fflush   0x0000000008000ca4       0x24 c:/st/stm32cubeide_1.6.1/stm32cubeide/plugins/com.st.stm32cube.ide.mcu.externaltools.gnu-tools-for-stm32.9-2020-q2-update.win32_1.5.0.202011040924/tools/bin/../lib/gcc/arm-none-eabi/9.3.1/../../../../arm-none-eabi/lib/thumb/v7e-m+fp/hard\libc_nano.a(lib_a-fflush.o)
                0x0000000008000ca4                fflush
 .text.std      0x0000000008000cc8       0x48 c:/st/stm32cubeide_1.6.1/stm32cubeide/plugins/com.st.stm32cube.ide.mcu.externaltools.gnu-tools-for-stm32.9-2020-q2-update.win32_1.5.0.202011040924/tools/bin/../lib/gcc/arm-none-eabi/9.3.1/../../../../arm-none-eabi/lib/thumb/v7e-m+fp/hard\libc_nano.a(lib_a-findfp.o)
 .text._cleanup_r
                0x0000000008000d10        0xc c:/st/stm32cubeide_1.6.1/stm32cubeide/plugins/com.st.stm32cube.ide.mcu.externaltools.gnu-tools-for-stm32.9-2020-q2-update.win32_1.5.0.202011040924/tools/bin/../lib/gcc/arm-none-eabi/9.3.1/../../../../arm-none-eabi/lib/thumb/v7e-m+fp/hard\libc_nano.a(lib_a-findfp.o)
                0x0000000008000d10                _cleanup_r
 .text.__sfmoreglue
                0x0000000008000d1c       0x2c c:/st/stm32cubeide_1.6.1/stm32cubeide/plugins/com.st.stm32cube.ide.mcu.externaltools.gnu-tools-for-stm32.9-2020-q2-update.win32_1.5.0.202011040924/tools/bin/../lib/gcc/arm-none-eabi/9.3.1/../../../../arm-none-eabi/lib/thumb/v7e-m+fp/hard\libc_nano.a(lib_a-findfp.o)
                0x0000000008000d1c                __sfmoreglue
 .text.__sfp_lock_acquire
                0x0000000008000d48        0xc c:/st/stm32cubeide_1.6.1/stm32cubeide/plugins/com.st.stm32cube.ide.mcu.externaltools.gnu-tools-for-stm32.9-2020-q2-update.win32_1.5.0.202011040924/tools/bin/../lib/gcc/arm-none-eabi/9.3.1/../../../../arm-none-eabi/lib/thumb/v7e-m+fp/hard\libc_nano.a(lib_a-findfp.o)
                0x0000000008000d48                __sfp_lock_acquire
 .text.__sfp_lock_release
                0x0000000008000d54        0xc c:/st/stm32cubeide_1.6.1/stm32cubeide/plugins/com.st.stm32cube.ide.mcu.externaltools.gnu-tools-for-stm32.9-2020-q2-update.win32_1.5.0.202011040924/tools/bin/../lib/gcc/arm-none-eabi/9.3.1/../../../../arm-none-eabi/lib/thumb/v7e-m+fp/hard\libc_nano.a(lib_a-findfp.o)
                0x0000000008000d54                __sfp_lock_release
 .text.__sinit_lock_acquire
                0x0000000008000d60        0xc c:/st/stm32cubeide_1.6.1/stm32cubeide/plugins/com.st.stm32cube.ide.mcu.externaltools.gnu-tools-for-stm32.9-2020-q2-update.win32_1.5.0.202011040924/tools/bin/../lib/gcc/arm-none-eabi/9.3.1/../../../../arm-none-eabi/lib/thumb/v7e-m+fp/hard\libc_nano.a(lib_a-findfp.o)
                0x0000000008000d60                __sinit_lock_acquire
 .text.__sinit_lock_release
                0x0000000008000d6c        0xc c:/st/stm32cubeide_1.6.1/stm32cubeide/plugins/com.st.stm32cube.ide.mcu.externaltools.gnu-tools-for-stm32.9-2020-q2-update.win32_1.5.0.202011040924/tools/bin/../lib/gcc/arm-none-eabi/9.3.1/../../../../arm-none-eabi/lib/thumb/v7e-m+fp/hard\libc_nano.a(lib_a-findfp.o)
                0x0000000008000d6c                __sinit_lock_release
 .text.__sinit  0x0000000008000d78       0x70 c:/st/stm32cubeide_1.6.1/stm32cubeide/plugins/com.st.stm32cube.ide.mcu.externaltools.gnu-tools-for-stm32.9-2020-q2-update.win32_1.5.0.202011040924/tools/bin/../lib/gcc/arm-none-eabi/9.3.1/../../../../arm-none-eabi/lib/thumb/v7e-m+fp/hard\libc_nano.a(lib_a-findfp.o)
                0x0000000008000d78                __sinit
 .text.__sfp    0x0000000008000de8       0x8c c:/st/stm32cubeide_1.6.1/stm32cubeide/plugins/com.st.stm32cube.ide.mcu.externaltools.gnu-tools-for-stm32.9-2020-q2-update.win32_1.5.0.202011040924/tools/bin/../lib/gcc/arm-none-eabi/9.3.1/../../../../arm-none-eabi/lib/thumb/v7e-m+fp/hard\libc_nano.a(lib_a-findfp.o)
                0x0000000008000de8                __sfp
 .text._fwalk   0x0000000008000e74       0x3a c:/st/stm32cubeide_1.6.1/stm32cubeide/plugins/com.st.stm32cube.ide.mcu.externaltools.gnu-tools-for-stm32.9-2020-q2-update.win32_1.5.0.202011040924/tools/bin/../lib/gcc/arm-none-eabi/9.3.1/../../../../arm-none-eabi/lib/thumb/v7e-m+fp/hard\libc_nano.a(lib_a-fwalk.o)
                0x0000000008000e74                _fwalk
 .text._fwalk_reent
                0x0000000008000eae       0x3e c:/st/stm32cubeide_1.6.1/stm32cubeide/plugins/com.st.stm32cube.ide.mcu.externaltools.gnu-tools-for-stm32.9-2020-q2-update.win32_1.5.0.202011040924/tools/bin/../lib/gcc/arm-none-eabi/9.3.1/../../../../arm-none-eabi/lib/thumb/v7e-m+fp/hard\libc_nano.a(lib_a-fwalk.o)
                0x0000000008000eae                _fwalk_reent
 .text.__swhatbuf_r
                0x0000000008000eec       0x48 c:/st/stm32cubeide_1.6.1/stm32cubeide/plugins/com.st.stm32cube.ide.mcu.externaltools.gnu-tools-for-stm32.9-2020-q2-update.win32_1.5.0.202011040924/tools/bin/../lib/gcc/arm-none-eabi/9.3.1/../../../../arm-none-eabi/lib/thumb/v7e-m+fp/hard\libc_nano.a(lib_a-makebuf.o)
                0x0000000008000eec                __swhatbuf_r
 .text.__smakebuf_r
                0x0000000008000f34       0x80 c:/st/stm32cubeide_1.6.1/stm32cubeide/plugins/com.st.stm32cube.ide.mcu.externaltools.gnu-tools-for-stm32.9-2020-q2-update.win32_1.5.0.202011040924/tools/bin/../lib/gcc/arm-none-eabi/9.3.1/../../../../arm-none-eabi/lib/thumb/v7e-m+fp/hard\libc_nano.a(lib_a-makebuf.o)
                0x0000000008000f34                __smakebuf_r
 .text._free_r  0x0000000008000fb4       0xa0 c:/st/stm32cubeide_1.6.1/stm32cubeide/plugins/com.st.stm32cube.ide.mcu.externaltools.gnu-tools-for-stm32.9-2020-q2-update.win32_1.5.0.202011040924/tools/bin/../lib/gcc/arm-none-eabi/9.3.1/../../../../arm-none-eabi/lib/thumb/v7e-m+fp/hard\libc_nano.a(lib_a-nano-freer.o)
                0x0000000008000fb4                _free_r
 .text._malloc_r
                0x0000000008001054       0xb4 c:/st/stm32cubeide_1.6.1/stm32cubeide/plugins/com.st.stm32cube.ide.mcu.externaltools.gnu-tools-for-stm32.9-2020-q2-update.win32_1.5.0.202011040924/tools/bin/../lib/gcc/arm-none-eabi/9.3.1/../../../../arm-none-eabi/lib/thumb/v7e-m+fp/hard\libc_nano.a(lib_a-nano-mallocr.o)
                0x0000000008001054                _malloc_r
 .text.__sfputc_r
                0x0000000008001108       0x2e c:/st/stm32cubeide_1.6.1/stm32cubeide/plugins/com.st.stm32cube.ide.mcu.externaltools.gnu-tools-for-stm32.9-2020-q2-update.win32_1.5.0.202011040924/tools/bin/../lib/gcc/arm-none-eabi/9.3.1/../../../../arm-none-eabi/lib/thumb/v7e-m+fp/hard\libc_nano.a(lib_a-nano-vfprintf.o)
 .text.__sfputs_r
                0x0000000008001136       0x24 c:/st/stm32cubeide_1.6.1/stm32cubeide/plugins/com.st.stm32cube.ide.mcu.externaltools.gnu-tools-for-stm32.9-2020-q2-update.win32_1.5.0.202011040924/tools/bin/../lib/gcc/arm-none-eabi/9.3.1/../../../../arm-none-eabi/lib/thumb/v7e-m+fp/hard\libc_nano.a(lib_a-nano-vfprintf.o)
                0x0000000008001136                __sfputs_r
 *fill*         0x000000000800115a        0x2 
 .text._vfprintf_r
                0x000000000800115c      0x260 c:/st/stm32cubeide_1.6.1/stm32cubeide/plugins/com.st.stm32cube.ide.mcu.externaltools.gnu-tools-for-stm32.9-2020-q2-update.win32_1.5.0.202011040924/tools/bin/../lib/gcc/arm-none-eabi/9.3.1/../../../../arm-none-eabi/lib/thumb/v7e-m+fp/hard\libc_nano.a(lib_a-nano-vfprintf.o)
                0x000000000800115c                _vfprintf_r
                0x000000000800115c                _vfiprintf_r
 .text._printf_common
                0x00000000080013bc       0xda c:/st/stm32cubeide_1.6.1/stm32cubeide/plugins/com.st.stm32cube.ide.mcu.externaltools.gnu-tools-for-stm32.9-2020-q2-update.win32_1.5.0.202011040924/tools/bin/../lib/gcc/arm-none-eabi/9.3.1/../../../../arm-none-eabi/lib/thumb/v7e-m+fp/hard\libc_nano.a(lib_a-nano-vfprintf_i.o)
                0x00000000080013bc                _printf_common
 *fill*         0x0000000008001496        0x2 
 .text._printf_i
                0x0000000008001498      0x24c c:/st/stm32cubeide_1.6.1/stm32cubeide/plugins/com.st.stm32cube.ide.mcu.externaltools.gnu-tools-for-stm32.9-2020-q2-update.win32_1.5.0.202011040924/tools/bin/../lib/gcc/arm-none-eabi/9.3.1/../../../../arm-none-eabi/lib/thumb/v7e-m+fp/hard\libc_nano.a(lib_a-nano-vfprintf_i.o)
                0x0000000008001498                _printf_i
 .text.__svfscanf_r
                0x00000000080016e4      0x348 c:/st/stm32cubeide_1.6.1/stm32cubeide/plugins/com.st.stm32cube.ide.mcu.externaltools.gnu-tools-for-stm32.9-2020-q2-update.win32_1.5.0.202011040924/tools/bin/../lib/gcc/arm-none-eabi/9.3.1/../../../../arm-none-eabi/lib/thumb/v7e-m+fp/hard\libc_nano.a(lib_a-nano-vfscanf.o)
                0x00000000080016e4                __svfscanf_r
                0x00000000080016e4                __svfiscanf_r
 .text._vfscanf_r
                0x0000000008001a2c       0x50 c:/st/stm32cubeide_1.6.1/stm32cubeide/plugins/com.st.stm32cube.ide.mcu.externaltools.gnu-tools-for-stm32.9-2020-q2-update.win32_1.5.0.202011040924/tools/bin/../lib/gcc/arm-none-eabi/9.3.1/../../../../arm-none-eabi/lib/thumb/v7e-m+fp/hard\libc_nano.a(lib_a-nano-vfscanf.o)
                0x0000000008001a2c                _vfscanf_r
                0x0000000008001a2c                _vfiscanf_r
 .text._scanf_chars
                0x0000000008001a7c       0xb0 c:/st/stm32cubeide_1.6.1/stm32cubeide/plugins/com.st.stm32cube.ide.mcu.externaltools.gnu-tools-for-stm32.9-2020-q2-update.win32_1.5.0.202011040924/tools/bin/../lib/gcc/arm-none-eabi/9.3.1/../../../../arm-none-eabi/lib/thumb/v7e-m+fp/hard\libc_nano.a(lib_a-nano-vfscanf_i.o)
                0x0000000008001a7c                _scanf_chars
 .text._scanf_i
                0x0000000008001b2c      0x1e8 c:/st/stm32cubeide_1.6.1/stm32cubeide/plugins/com.st.stm32cube.ide.mcu.externaltools.gnu-tools-for-stm32.9-2020-q2-update.win32_1.5.0.202011040924/tools/bin/../lib/gcc/arm-none-eabi/9.3.1/../../../../arm-none-eabi/lib/thumb/v7e-m+fp/hard\libc_nano.a(lib_a-nano-vfscanf_i.o)
                0x0000000008001b2c                _scanf_i
 .text.lflush   0x0000000008001d14       0x12 c:/st/stm32cubeide_1.6.1/stm32cubeide/plugins/com.st.stm32cube.ide.mcu.externaltools.gnu-tools-for-stm32.9-2020-q2-update.win32_1.5.0.202011040924/tools/bin/../lib/gcc/arm-none-eabi/9.3.1/../../../../arm-none-eabi/lib/thumb/v7e-m+fp/hard\libc_nano.a(lib_a-refill.o)
 *fill*         0x0000000008001d26        0x2 
 .text.__srefill_r
                0x0000000008001d28      0x114 c:/st/stm32cubeide_1.6.1/stm32cubeide/plugins/com.st.stm32cube.ide.mcu.externaltools.gnu-tools-for-stm32.9-2020-q2-update.win32_1.5.0.202011040924/tools/bin/../lib/gcc/arm-none-eabi/9.3.1/../../../../arm-none-eabi/lib/thumb/v7e-m+fp/hard\libc_nano.a(lib_a-refill.o)
                0x0000000008001d28                __srefill_r
 .text._sbrk_r  0x0000000008001e3c       0x20 c:/st/stm32cubeide_1.6.1/stm32cubeide/plugins/com.st.stm32cube.ide.mcu.externaltools.gnu-tools-for-stm32.9-2020-q2-update.win32_1.5.0.202011040924/tools/bin/../lib/gcc/arm-none-eabi/9.3.1/../../../../arm-none-eabi/lib/thumb/v7e-m+fp/hard\libc_nano.a(lib_a-sbrkr.o)
                0x0000000008001e3c                _sbrk_r
 .text.__sccl   0x0000000008001e5c       0x74 c:/st/stm32cubeide_1.6.1/stm32cubeide/plugins/com.st.stm32cube.ide.mcu.externaltools.gnu-tools-for-stm32.9-2020-q2-update.win32_1.5.0.202011040924/tools/bin/../lib/gcc/arm-none-eabi/9.3.1/../../../../arm-none-eabi/lib/thumb/v7e-m+fp/hard\libc_nano.a(lib_a-sccl.o)
                0x0000000008001e5c                __sccl
 .text.__sread  0x0000000008001ed0       0x22 c:/st/stm32cubeide_1.6.1/stm32cubeide/plugins/com.st.stm32cube.ide.mcu.externaltools.gnu-tools-for-stm32.9-2020-q2-update.win32_1.5.0.202011040924/tools/bin/../lib/gcc/arm-none-eabi/9.3.1/../../../../arm-none-eabi/lib/thumb/v7e-m+fp/hard\libc_nano.a(lib_a-stdio.o)
                0x0000000008001ed0                __sread
 .text.__swrite
                0x0000000008001ef2       0x38 c:/st/stm32cubeide_1.6.1/stm32cubeide/plugins/com.st.stm32cube.ide.mcu.externaltools.gnu-tools-for-stm32.9-2020-q2-update.win32_1.5.0.202011040924/tools/bin/../lib/gcc/arm-none-eabi/9.3.1/../../../../arm-none-eabi/lib/thumb/v7e-m+fp/hard\libc_nano.a(lib_a-stdio.o)
                0x0000000008001ef2                __swrite
 .text.__sseek  0x0000000008001f2a       0x24 c:/st/stm32cubeide_1.6.1/stm32cubeide/plugins/com.st.stm32cube.ide.mcu.externaltools.gnu-tools-for-stm32.9-2020-q2-update.win32_1.5.0.202011040924/tools/bin/../lib/gcc/arm-none-eabi/9.3.1/../../../../arm-none-eabi/lib/thumb/v7e-m+fp/hard\libc_nano.a(lib_a-stdio.o)
                0x0000000008001f2a                __sseek
 .text.__sclose
                0x0000000008001f4e        0x8 c:/st/stm32cubeide_1.6.1/stm32cubeide/plugins/com.st.stm32cube.ide.mcu.externaltools.gnu-tools-for-stm32.9-2020-q2-update.win32_1.5.0.202011040924/tools/bin/../lib/gcc/arm-none-eabi/9.3.1/../../../../arm-none-eabi/lib/thumb/v7e-m+fp/hard\libc_nano.a(lib_a-stdio.o)
                0x0000000008001f4e                __sclose
 *fill*         0x0000000008001f56        0x2 
 .text._strtol_l.isra.0
                0x0000000008001f58      0x108 c:/st/stm32cubeide_1.6.1/stm32cubeide/plugins/com.st.stm32cube.ide.mcu.externaltools.gnu-tools-for-stm32.9-2020-q2-update.win32_1.5.0.202011040924/tools/bin/../lib/gcc/arm-none-eabi/9.3.1/../../../../arm-none-eabi/lib/thumb/v7e-m+fp/hard\libc_nano.a(lib_a-strtol.o)
 .text._strtol_r
                0x0000000008002060        0x4 c:/st/stm32cubeide_1.6.1/stm32cubeide/plugins/com.st.stm32cube.ide.mcu.externaltools.gnu-tools-for-stm32.9-2020-q2-update.win32_1.5.0.202011040924/tools/bin/../lib/gcc/arm-none-eabi/9.3.1/../../../../arm-none-eabi/lib/thumb/v7e-m+fp/hard\libc_nano.a(lib_a-strtol.o)
                0x0000000008002060                _strtol_r
 .text._strtoul_l.isra.0
                0x0000000008002064       0xf8 c:/st/stm32cubeide_1.6.1/stm32cubeide/plugins/com.st.stm32cube.ide.mcu.externaltools.gnu-tools-for-stm32.9-2020-q2-update.win32_1.5.0.202011040924/tools/bin/../lib/gcc/arm-none-eabi/9.3.1/../../../../arm-none-eabi/lib/thumb/v7e-m+fp/hard\libc_nano.a(lib_a-strtoul.o)
 .text._strtoul_r
                0x000000000800215c        0x4 c:/st/stm32cubeide_1.6.1/stm32cubeide/plugins/com.st.stm32cube.ide.mcu.externaltools.gnu-tools-for-stm32.9-2020-q2-update.win32_1.5.0.202011040924/tools/bin/../lib/gcc/arm-none-eabi/9.3.1/../../../../arm-none-eabi/lib/thumb/v7e-m+fp/hard\libc_nano.a(lib_a-strtoul.o)
                0x000000000800215c                _strtoul_r
 .text.__submore
                0x0000000008002160       0x74 c:/st/stm32cubeide_1.6.1/stm32cubeide/plugins/com.st.stm32cube.ide.mcu.externaltools.gnu-tools-for-stm32.9-2020-q2-update.win32_1.5.0.202011040924/tools/bin/../lib/gcc/arm-none-eabi/9.3.1/../../../../arm-none-eabi/lib/thumb/v7e-m+fp/hard\libc_nano.a(lib_a-ungetc.o)
                0x0000000008002160                __submore
 .text._ungetc_r
                0x00000000080021d4      0x130 c:/st/stm32cubeide_1.6.1/stm32cubeide/plugins/com.st.stm32cube.ide.mcu.externaltools.gnu-tools-for-stm32.9-2020-q2-update.win32_1.5.0.202011040924/tools/bin/../lib/gcc/arm-none-eabi/9.3.1/../../../../arm-none-eabi/lib/thumb/v7e-m+fp/hard\libc_nano.a(lib_a-ungetc.o)
                0x00000000080021d4                _ungetc_r
 .text._write_r
                0x0000000008002304       0x24 c:/st/stm32cubeide_1.6.1/stm32cubeide/plugins/com.st.stm32cube.ide.mcu.externaltools.gnu-tools-for-stm32.9-2020-q2-update.win32_1.5.0.202011040924/tools/bin/../lib/gcc/arm-none-eabi/9.3.1/../../../../arm-none-eabi/lib/thumb/v7e-m+fp/hard\libc_nano.a(lib_a-writer.o)
                0x0000000008002304                _write_r
 .text._close_r
                0x0000000008002328       0x20 c:/st/stm32cubeide_1.6.1/stm32cubeide/plugins/com.st.stm32cube.ide.mcu.externaltools.gnu-tools-for-stm32.9-2020-q2-update.win32_1.5.0.202011040924/tools/bin/../lib/gcc/arm-none-eabi/9.3.1/../../../../arm-none-eabi/lib/thumb/v7e-m+fp/hard\libc_nano.a(lib_a-closer.o)
                0x0000000008002328                _close_r
 .text._fstat_r
                0x0000000008002348       0x24 c:/st/stm32cubeide_1.6.1/stm32cubeide/plugins/com.st.stm32cube.ide.mcu.externaltools.gnu-tools-for-stm32.9-2020-q2-update.win32_1.5.0.202011040924/tools/bin/../lib/gcc/arm-none-eabi/9.3.1/../../../../arm-none-eabi/lib/thumb/v7e-m+fp/hard\libc_nano.a(lib_a-fstatr.o)
                0x0000000008002348                _fstat_r
 .text._isatty_r
                0x000000000800236c       0x20 c:/st/stm32cubeide_1.6.1/stm32cubeide/plugins/com.st.stm32cube.ide.mcu.externaltools.gnu-tools-for-stm32.9-2020-q2-update.win32_1.5.0.202011040924/tools/bin/../lib/gcc/arm-none-eabi/9.3.1/../../../../arm-none-eabi/lib/thumb/v7e-m+fp/hard\libc_nano.a(lib_a-isattyr.o)
                0x000000000800236c                _isatty_r
 .text._lseek_r
                0x000000000800238c       0x24 c:/st/stm32cubeide_1.6.1/stm32cubeide/plugins/com.st.stm32cube.ide.mcu.externaltools.gnu-tools-for-stm32.9-2020-q2-update.win32_1.5.0.202011040924/tools/bin/../lib/gcc/arm-none-eabi/9.3.1/../../../../arm-none-eabi/lib/thumb/v7e-m+fp/hard\libc_nano.a(lib_a-lseekr.o)
                0x000000000800238c                _lseek_r
 .text.memcpy   0x00000000080023b0       0x1c c:/st/stm32cubeide_1.6.1/stm32cubeide/plugins/com.st.stm32cube.ide.mcu.externaltools.gnu-tools-for-stm32.9-2020-q2-update.win32_1.5.0.202011040924/tools/bin/../lib/gcc/arm-none-eabi/9.3.1/../../../../arm-none-eabi/lib/thumb/v7e-m+fp/hard\libc_nano.a(lib_a-memcpy-stub.o)
                0x00000000080023b0                memcpy
 .text.__malloc_lock
                0x00000000080023cc        0xc c:/st/stm32cubeide_1.6.1/stm32cubeide/plugins/com.st.stm32cube.ide.mcu.externaltools.gnu-tools-for-stm32.9-2020-q2-update.win32_1.5.0.202011040924/tools/bin/../lib/gcc/arm-none-eabi/9.3.1/../../../../arm-none-eabi/lib/thumb/v7e-m+fp/hard\libc_nano.a(lib_a-mlock.o)
                0x00000000080023cc                __malloc_lock
 .text.__malloc_unlock
                0x00000000080023d8        0xc c:/st/stm32cubeide_1.6.1/stm32cubeide/plugins/com.st.stm32cube.ide.mcu.externaltools.gnu-tools-for-stm32.9-2020-q2-update.win32_1.5.0.202011040924/tools/bin/../lib/gcc/arm-none-eabi/9.3.1/../../../../arm-none-eabi/lib/thumb/v7e-m+fp/hard\libc_nano.a(lib_a-mlock.o)
                0x00000000080023d8                __malloc_unlock
 .text._realloc_r
                0x00000000080023e4       0x4c c:/st/stm32cubeide_1.6.1/stm32cubeide/plugins/com.st.stm32cube.ide.mcu.externaltools.gnu-tools-for-stm32.9-2020-q2-update.win32_1.5.0.202011040924/tools/bin/../lib/gcc/arm-none-eabi/9.3.1/../../../../arm-none-eabi/lib/thumb/v7e-m+fp/hard\libc_nano.a(lib_a-nano-reallocr.o)
                0x00000000080023e4                _realloc_r
 .text._read_r  0x0000000008002430       0x24 c:/st/stm32cubeide_1.6.1/stm32cubeide/plugins/com.st.stm32cube.ide.mcu.externaltools.gnu-tools-for-stm32.9-2020-q2-update.win32_1.5.0.202011040924/tools/bin/../lib/gcc/arm-none-eabi/9.3.1/../../../../arm-none-eabi/lib/thumb/v7e-m+fp/hard\libc_nano.a(lib_a-readr.o)
                0x0000000008002430                _read_r
 .text._malloc_usable_size_r
                0x0000000008002454       0x10 c:/st/stm32cubeide_1.6.1/stm32cubeide/plugins/com.st.stm32cube.ide.mcu.externaltools.gnu-tools-for-stm32.9-2020-q2-update.win32_1.5.0.202011040924/tools/bin/../lib/gcc/arm-none-eabi/9.3.1/../../../../arm-none-eabi/lib/thumb/v7e-m+fp/hard\libc_nano.a(lib_a-nano-msizer.o)
                0x0000000008002454                _malloc_usable_size_r
 *(.glue_7)
 .glue_7        0x0000000008002464        0x0 linker stubs
 *(.glue_7t)
 .glue_7t       0x0000000008002464        0x0 linker stubs
 *(.eh_frame)
 .eh_frame      0x0000000008002464        0x0 c:/st/stm32cubeide_1.6.1/stm32cubeide/plugins/com.st.stm32cube.ide.mcu.externaltools.gnu-tools-for-stm32.9-2020-q2-update.win32_1.5.0.202011040924/tools/bin/../lib/gcc/arm-none-eabi/9.3.1/thumb/v7e-m+fp/hard/crtbegin.o
 *(.init)
 .init          0x0000000008002464        0x4 c:/st/stm32cubeide_1.6.1/stm32cubeide/plugins/com.st.stm32cube.ide.mcu.externaltools.gnu-tools-for-stm32.9-2020-q2-update.win32_1.5.0.202011040924/tools/bin/../lib/gcc/arm-none-eabi/9.3.1/thumb/v7e-m+fp/hard/crti.o
                0x0000000008002464                _init
 .init          0x0000000008002468        0x8 c:/st/stm32cubeide_1.6.1/stm32cubeide/plugins/com.st.stm32cube.ide.mcu.externaltools.gnu-tools-for-stm32.9-2020-q2-update.win32_1.5.0.202011040924/tools/bin/../lib/gcc/arm-none-eabi/9.3.1/thumb/v7e-m+fp/hard/crtn.o
 *(.fini)
 .fini          0x0000000008002470        0x4 c:/st/stm32cubeide_1.6.1/stm32cubeide/plugins/com.st.stm32cube.ide.mcu.externaltools.gnu-tools-for-stm32.9-2020-q2-update.win32_1.5.0.202011040924/tools/bin/../lib/gcc/arm-none-eabi/9.3.1/thumb/v7e-m+fp/hard/crti.o
                0x0000000008002470                _fini
 .fini          0x0000000008002474        0x8 c:/st/stm32cubeide_1.6.1/stm32cubeide/plugins/com.st.stm32cube.ide.mcu.externaltools.gnu-tools-for-stm32.9-2020-q2-update.win32_1.5.0.202011040924/tools/bin/../lib/gcc/arm-none-eabi/9.3.1/thumb/v7e-m+fp/hard/crtn.o
                0x000000000800247c                . = ALIGN (0x4)
                0x000000000800247c                _etext = .

.vfp11_veneer   0x000000000800247c        0x0
 .vfp11_veneer  0x000000000800247c        0x0 linker stubs

.v4_bx          0x000000000800247c        0x0
 .v4_bx         0x000000000800247c        0x0 linker stubs

.iplt           0x000000000800247c        0x0
 .iplt          0x000000000800247c        0x0 c:/st/stm32cubeide_1.6.1/stm32cubeide/plugins/com.st.stm32cube.ide.mcu.externaltools.gnu-tools-for-stm32.9-2020-q2-update.win32_1.5.0.202011040924/tools/bin/../lib/gcc/arm-none-eabi/9.3.1/thumb/v7e-m+fp/hard/crtbegin.o

.rodata         0x000000000800247c      0x2a0
                0x000000000800247c                . = ALIGN (0x4)
 *(.rodata)
 .rodata        0x000000000800247c       0xde Core/Src/Console_main.o
 *fill*         0x000000000800255a        0x2 
 .rodata        0x000000000800255c        0xc c:/st/stm32cubeide_1.6.1/stm32cubeide/plugins/com.st.stm32cube.ide.mcu.externaltools.gnu-tools-for-stm32.9-2020-q2-update.win32_1.5.0.202011040924/tools/bin/../lib/gcc/arm-none-eabi/9.3.1/../../../../arm-none-eabi/lib/thumb/v7e-m+fp/hard\libc_nano.a(lib_a-nano-vfscanf_i.o)
 *(.rodata*)
 .rodata._global_impure_ptr
                0x0000000008002568        0x4 c:/st/stm32cubeide_1.6.1/stm32cubeide/plugins/com.st.stm32cube.ide.mcu.externaltools.gnu-tools-for-stm32.9-2020-q2-update.win32_1.5.0.202011040924/tools/bin/../lib/gcc/arm-none-eabi/9.3.1/../../../../arm-none-eabi/lib/thumb/v7e-m+fp/hard\libc_nano.a(lib_a-impure.o)
                0x0000000008002568                _global_impure_ptr
 .rodata.__sf_fake_stderr
                0x000000000800256c       0x20 c:/st/stm32cubeide_1.6.1/stm32cubeide/plugins/com.st.stm32cube.ide.mcu.externaltools.gnu-tools-for-stm32.9-2020-q2-update.win32_1.5.0.202011040924/tools/bin/../lib/gcc/arm-none-eabi/9.3.1/../../../../arm-none-eabi/lib/thumb/v7e-m+fp/hard\libc_nano.a(lib_a-findfp.o)
                0x000000000800256c                __sf_fake_stderr
 .rodata.__sf_fake_stdin
                0x000000000800258c       0x20 c:/st/stm32cubeide_1.6.1/stm32cubeide/plugins/com.st.stm32cube.ide.mcu.externaltools.gnu-tools-for-stm32.9-2020-q2-update.win32_1.5.0.202011040924/tools/bin/../lib/gcc/arm-none-eabi/9.3.1/../../../../arm-none-eabi/lib/thumb/v7e-m+fp/hard\libc_nano.a(lib_a-findfp.o)
                0x000000000800258c                __sf_fake_stdin
 .rodata.__sf_fake_stdout
                0x00000000080025ac       0x20 c:/st/stm32cubeide_1.6.1/stm32cubeide/plugins/com.st.stm32cube.ide.mcu.externaltools.gnu-tools-for-stm32.9-2020-q2-update.win32_1.5.0.202011040924/tools/bin/../lib/gcc/arm-none-eabi/9.3.1/../../../../arm-none-eabi/lib/thumb/v7e-m+fp/hard\libc_nano.a(lib_a-findfp.o)
                0x00000000080025ac                __sf_fake_stdout
 .rodata._vfprintf_r.str1.1
                0x00000000080025cc       0x11 c:/st/stm32cubeide_1.6.1/stm32cubeide/plugins/com.st.stm32cube.ide.mcu.externaltools.gnu-tools-for-stm32.9-2020-q2-update.win32_1.5.0.202011040924/tools/bin/../lib/gcc/arm-none-eabi/9.3.1/../../../../arm-none-eabi/lib/thumb/v7e-m+fp/hard\libc_nano.a(lib_a-nano-vfprintf.o)
 .rodata._printf_i.str1.1
                0x00000000080025dd       0x22 c:/st/stm32cubeide_1.6.1/stm32cubeide/plugins/com.st.stm32cube.ide.mcu.externaltools.gnu-tools-for-stm32.9-2020-q2-update.win32_1.5.0.202011040924/tools/bin/../lib/gcc/arm-none-eabi/9.3.1/../../../../arm-none-eabi/lib/thumb/v7e-m+fp/hard\libc_nano.a(lib_a-nano-vfprintf_i.o)
 .rodata.__svfscanf_r.str1.1
                0x00000000080025ff        0x4 c:/st/stm32cubeide_1.6.1/stm32cubeide/plugins/com.st.stm32cube.ide.mcu.externaltools.gnu-tools-for-stm32.9-2020-q2-update.win32_1.5.0.202011040924/tools/bin/../lib/gcc/arm-none-eabi/9.3.1/../../../../arm-none-eabi/lib/thumb/v7e-m+fp/hard\libc_nano.a(lib_a-nano-vfscanf.o)
 .rodata.str1.1
                0x00000000080025ff        0x9 c:/st/stm32cubeide_1.6.1/stm32cubeide/plugins/com.st.stm32cube.ide.mcu.externaltools.gnu-tools-for-stm32.9-2020-q2-update.win32_1.5.0.202011040924/tools/bin/../lib/gcc/arm-none-eabi/9.3.1/../../../../arm-none-eabi/lib/thumb/v7e-m+fp/hard\libc_nano.a(lib_a-nano-vfscanf_i.o)
 .rodata._scanf_i.str1.1
                0x0000000008002608       0x12 c:/st/stm32cubeide_1.6.1/stm32cubeide/plugins/com.st.stm32cube.ide.mcu.externaltools.gnu-tools-for-stm32.9-2020-q2-update.win32_1.5.0.202011040924/tools/bin/../lib/gcc/arm-none-eabi/9.3.1/../../../../arm-none-eabi/lib/thumb/v7e-m+fp/hard\libc_nano.a(lib_a-nano-vfscanf_i.o)
 .rodata._ctype_
                0x000000000800261a      0x101 c:/st/stm32cubeide_1.6.1/stm32cubeide/plugins/com.st.stm32cube.ide.mcu.externaltools.gnu-tools-for-stm32.9-2020-q2-update.win32_1.5.0.202011040924/tools/bin/../lib/gcc/arm-none-eabi/9.3.1/../../../../arm-none-eabi/lib/thumb/v7e-m+fp/hard\libc_nano.a(lib_a-ctype_.o)
                0x000000000800261a                _ctype_
                0x000000000800271c                . = ALIGN (0x4)
 *fill*         0x000000000800271b        0x1 

.rel.dyn        0x000000000800271c        0x0
 .rel.iplt      0x000000000800271c        0x0 c:/st/stm32cubeide_1.6.1/stm32cubeide/plugins/com.st.stm32cube.ide.mcu.externaltools.gnu-tools-for-stm32.9-2020-q2-update.win32_1.5.0.202011040924/tools/bin/../lib/gcc/arm-none-eabi/9.3.1/thumb/v7e-m+fp/hard/crtbegin.o

.ARM.extab      0x000000000800271c        0x0
                0x000000000800271c                . = ALIGN (0x4)
 *(.ARM.extab* .gnu.linkonce.armextab.*)
                0x000000000800271c                . = ALIGN (0x4)

.ARM            0x000000000800271c        0x0
                0x000000000800271c                . = ALIGN (0x4)
                0x000000000800271c                __exidx_start = .
 *(.ARM.exidx*)
                0x000000000800271c                __exidx_end = .
                0x000000000800271c                . = ALIGN (0x4)

.preinit_array  0x000000000800271c        0x0
                0x000000000800271c                . = ALIGN (0x4)
                0x000000000800271c                PROVIDE (__preinit_array_start = .)
 *(.preinit_array*)
                0x000000000800271c                PROVIDE (__preinit_array_end = .)
                0x000000000800271c                . = ALIGN (0x4)

.init_array     0x000000000800271c        0x4
                0x000000000800271c                . = ALIGN (0x4)
                0x000000000800271c                PROVIDE (__init_array_start = .)
 *(SORT_BY_NAME(.init_array.*))
 *(.init_array*)
 .init_array    0x000000000800271c        0x4 c:/st/stm32cubeide_1.6.1/stm32cubeide/plugins/com.st.stm32cube.ide.mcu.externaltools.gnu-tools-for-stm32.9-2020-q2-update.win32_1.5.0.202011040924/tools/bin/../lib/gcc/arm-none-eabi/9.3.1/thumb/v7e-m+fp/hard/crtbegin.o
                0x0000000008002720                PROVIDE (__init_array_end = .)
                0x0000000008002720                . = ALIGN (0x4)

.fini_array     0x0000000008002720        0x4
                0x0000000008002720                . = ALIGN (0x4)
                [!provide]                        PROVIDE (__fini_array_start = .)
 *(SORT_BY_NAME(.fini_array.*))
 *(.fini_array*)
 .fini_array    0x0000000008002720        0x4 c:/st/stm32cubeide_1.6.1/stm32cubeide/plugins/com.st.stm32cube.ide.mcu.externaltools.gnu-tools-for-stm32.9-2020-q2-update.win32_1.5.0.202011040924/tools/bin/../lib/gcc/arm-none-eabi/9.3.1/thumb/v7e-m+fp/hard/crtbegin.o
                [!provide]                        PROVIDE (__fini_array_end = .)
                0x0000000008002724                . = ALIGN (0x4)
                0x0000000008002724                _sidata = LOADADDR (.data)

.data           0x0000000020000000       0x68 load address 0x0000000008002724
                0x0000000020000000                . = ALIGN (0x4)
                0x0000000020000000                _sdata = .
 *(.data)
 *(.data*)
 .data.uwTickFreq
                0x0000000020000000        0x1 Drivers/STM32F4xx_HAL_Driver/Src/stm32f4xx_hal.o
                0x0000000020000000                uwTickFreq
 *fill*         0x0000000020000001        0x3 
 .data._impure_ptr
                0x0000000020000004        0x4 c:/st/stm32cubeide_1.6.1/stm32cubeide/plugins/com.st.stm32cube.ide.mcu.externaltools.gnu-tools-for-stm32.9-2020-q2-update.win32_1.5.0.202011040924/tools/bin/../lib/gcc/arm-none-eabi/9.3.1/../../../../arm-none-eabi/lib/thumb/v7e-m+fp/hard\libc_nano.a(lib_a-impure.o)
                0x0000000020000004                _impure_ptr
 .data.impure_data
                0x0000000020000008       0x60 c:/st/stm32cubeide_1.6.1/stm32cubeide/plugins/com.st.stm32cube.ide.mcu.externaltools.gnu-tools-for-stm32.9-2020-q2-update.win32_1.5.0.202011040924/tools/bin/../lib/gcc/arm-none-eabi/9.3.1/../../../../arm-none-eabi/lib/thumb/v7e-m+fp/hard\libc_nano.a(lib_a-impure.o)
 *(.RamFunc)
 *(.RamFunc*)
                0x0000000020000068                . = ALIGN (0x4)
                0x0000000020000068                _edata = .

.igot.plt       0x0000000020000068        0x0 load address 0x000000000800278c
 .igot.plt      0x0000000020000068        0x0 c:/st/stm32cubeide_1.6.1/stm32cubeide/plugins/com.st.stm32cube.ide.mcu.externaltools.gnu-tools-for-stm32.9-2020-q2-update.win32_1.5.0.202011040924/tools/bin/../lib/gcc/arm-none-eabi/9.3.1/thumb/v7e-m+fp/hard/crtbegin.o
                0x0000000020000068                . = ALIGN (0x4)

.bss            0x0000000020000068       0x3c load address 0x000000000800278c
                0x0000000020000068                _sbss = .
                0x0000000020000068                __bss_start__ = _sbss
 *(.bss)
 .bss           0x0000000020000068       0x1c c:/st/stm32cubeide_1.6.1/stm32cubeide/plugins/com.st.stm32cube.ide.mcu.externaltools.gnu-tools-for-stm32.9-2020-q2-update.win32_1.5.0.202011040924/tools/bin/../lib/gcc/arm-none-eabi/9.3.1/thumb/v7e-m+fp/hard/crtbegin.o
 *(.bss*)
 .bss.__sbrk_heap_end
                0x0000000020000084        0x4 Core/Src/sysmem.o
 .bss.__malloc_free_list
                0x0000000020000088        0x4 c:/st/stm32cubeide_1.6.1/stm32cubeide/plugins/com.st.stm32cube.ide.mcu.externaltools.gnu-tools-for-stm32.9-2020-q2-update.win32_1.5.0.202011040924/tools/bin/../lib/gcc/arm-none-eabi/9.3.1/../../../../arm-none-eabi/lib/thumb/v7e-m+fp/hard\libc_nano.a(lib_a-nano-mallocr.o)
                0x0000000020000088                __malloc_free_list
 .bss.__malloc_sbrk_start
                0x000000002000008c        0x4 c:/st/stm32cubeide_1.6.1/stm32cubeide/plugins/com.st.stm32cube.ide.mcu.externaltools.gnu-tools-for-stm32.9-2020-q2-update.win32_1.5.0.202011040924/tools/bin/../lib/gcc/arm-none-eabi/9.3.1/../../../../arm-none-eabi/lib/thumb/v7e-m+fp/hard\libc_nano.a(lib_a-nano-mallocr.o)
                0x000000002000008c                __malloc_sbrk_start
 *(COMMON)
 COMMON         0x0000000020000090        0x4 Drivers/STM32F4xx_HAL_Driver/Src/stm32f4xx_hal.o
                0x0000000020000090                uwTick
 COMMON         0x0000000020000094        0x9 c:/st/stm32cubeide_1.6.1/stm32cubeide/plugins/com.st.stm32cube.ide.mcu.externaltools.gnu-tools-for-stm32.9-2020-q2-update.win32_1.5.0.202011040924/tools/bin/../lib/gcc/arm-none-eabi/9.3.1/../../../../arm-none-eabi/lib/thumb/v7e-m+fp/hard\libc_nano.a(lib_a-lock.o)
                0x0000000020000094                __lock___atexit_recursive_mutex
                0x0000000020000095                __lock___arc4random_mutex
                0x0000000020000096                __lock___env_recursive_mutex
                0x0000000020000097                __lock___sinit_recursive_mutex
                0x0000000020000098                __lock___malloc_recursive_mutex
                0x0000000020000099                __lock___at_quick_exit_mutex
                0x000000002000009a                __lock___dd_hash_mutex
                0x000000002000009b                __lock___tz_mutex
                0x000000002000009c                __lock___sfp_recursive_mutex
 *fill*         0x000000002000009d        0x3 
 COMMON         0x00000000200000a0        0x4 c:/st/stm32cubeide_1.6.1/stm32cubeide/plugins/com.st.stm32cube.ide.mcu.externaltools.gnu-tools-for-stm32.9-2020-q2-update.win32_1.5.0.202011040924/tools/bin/../lib/gcc/arm-none-eabi/9.3.1/../../../../arm-none-eabi/lib/thumb/v7e-m+fp/hard\libc_nano.a(lib_a-reent.o)
                0x00000000200000a0                errno
                0x00000000200000a4                . = ALIGN (0x4)
                0x00000000200000a4                _ebss = .
                0x00000000200000a4                __bss_end__ = _ebss

._user_heap_stack
                0x00000000200000a4      0x604 load address 0x000000000800278c
                0x00000000200000a8                . = ALIGN (0x8)
 *fill*         0x00000000200000a4        0x4 
                [!provide]                        PROVIDE (end = .)
                0x00000000200000a8                PROVIDE (_end = .)
                0x00000000200002a8                . = (. + _Min_Heap_Size)
 *fill*         0x00000000200000a8      0x200 
                0x00000000200006a8                . = (. + _Min_Stack_Size)
 *fill*         0x00000000200002a8      0x400 
                0x00000000200006a8                . = ALIGN (0x8)

/DISCARD/
 libc.a(*)
 libm.a(*)
 libgcc.a(*)

.ARM.attributes
                0x0000000000000000       0x30
 *(.ARM.attributes)
 .ARM.attributes
                0x0000000000000000       0x1e c:/st/stm32cubeide_1.6.1/stm32cubeide/plugins/com.st.stm32cube.ide.mcu.externaltools.gnu-tools-for-stm32.9-2020-q2-update.win32_1.5.0.202011040924/tools/bin/../lib/gcc/arm-none-eabi/9.3.1/thumb/v7e-m+fp/hard/crti.o
 .ARM.attributes
                0x000000000000001e       0x34 c:/st/stm32cubeide_1.6.1/stm32cubeide/plugins/com.st.stm32cube.ide.mcu.externaltools.gnu-tools-for-stm32.9-2020-q2-update.win32_1.5.0.202011040924/tools/bin/../lib/gcc/arm-none-eabi/9.3.1/thumb/v7e-m+fp/hard/crtbegin.o
 .ARM.attributes
                0x0000000000000052       0x34 Core/Src/Console_main.o
 .ARM.attributes
                0x0000000000000086       0x34 Core/Src/stm32f4xx_it.o
 .ARM.attributes
                0x00000000000000ba       0x34 Core/Src/syscalls.o
 .ARM.attributes
                0x00000000000000ee       0x34 Core/Src/sysmem.o
 .ARM.attributes
                0x0000000000000122       0x34 Core/Src/system_stm32f4xx.o
 .ARM.attributes
                0x0000000000000156       0x21 Core/Startup/startup_stm32f401retx.o
 .ARM.attributes
                0x0000000000000177       0x34 Drivers/STM32F4xx_HAL_Driver/Src/stm32f4xx_hal.o
 .ARM.attributes
                0x00000000000001ab       0x34 c:/st/stm32cubeide_1.6.1/stm32cubeide/plugins/com.st.stm32cube.ide.mcu.externaltools.gnu-tools-for-stm32.9-2020-q2-update.win32_1.5.0.202011040924/tools/bin/../lib/gcc/arm-none-eabi/9.3.1/../../../../arm-none-eabi/lib/thumb/v7e-m+fp/hard\libc_nano.a(lib_a-errno.o)
 .ARM.attributes
                0x00000000000001df       0x34 c:/st/stm32cubeide_1.6.1/stm32cubeide/plugins/com.st.stm32cube.ide.mcu.externaltools.gnu-tools-for-stm32.9-2020-q2-update.win32_1.5.0.202011040924/tools/bin/../lib/gcc/arm-none-eabi/9.3.1/../../../../arm-none-eabi/lib/thumb/v7e-m+fp/hard\libc_nano.a(lib_a-fwrite.o)
 .ARM.attributes
                0x0000000000000213       0x34 c:/st/stm32cubeide_1.6.1/stm32cubeide/plugins/com.st.stm32cube.ide.mcu.externaltools.gnu-tools-for-stm32.9-2020-q2-update.win32_1.5.0.202011040924/tools/bin/../lib/gcc/arm-none-eabi/9.3.1/../../../../arm-none-eabi/lib/thumb/v7e-m+fp/hard\libc_nano.a(lib_a-gets.o)
 .ARM.attributes
                0x0000000000000247       0x32 c:/st/stm32cubeide_1.6.1/stm32cubeide/plugins/com.st.stm32cube.ide.mcu.externaltools.gnu-tools-for-stm32.9-2020-q2-update.win32_1.5.0.202011040924/tools/bin/../lib/gcc/arm-none-eabi/9.3.1/../../../../arm-none-eabi/lib/thumb/v7e-m+fp/hard\libc_nano.a(lib_a-impure.o)
 .ARM.attributes
                0x0000000000000279       0x34 c:/st/stm32cubeide_1.6.1/stm32cubeide/plugins/com.st.stm32cube.ide.mcu.externaltools.gnu-tools-for-stm32.9-2020-q2-update.win32_1.5.0.202011040924/tools/bin/../lib/gcc/arm-none-eabi/9.3.1/../../../../arm-none-eabi/lib/thumb/v7e-m+fp/hard\libc_nano.a(lib_a-init.o)
 .ARM.attributes
                0x00000000000002ad       0x34 c:/st/stm32cubeide_1.6.1/stm32cubeide/plugins/com.st.stm32cube.ide.mcu.externaltools.gnu-tools-for-stm32.9-2020-q2-update.win32_1.5.0.202011040924/tools/bin/../lib/gcc/arm-none-eabi/9.3.1/../../../../arm-none-eabi/lib/thumb/v7e-m+fp/hard\libc_nano.a(lib_a-lock.o)
 .ARM.attributes
                0x00000000000002e1       0x34 c:/st/stm32cubeide_1.6.1/stm32cubeide/plugins/com.st.stm32cube.ide.mcu.externaltools.gnu-tools-for-stm32.9-2020-q2-update.win32_1.5.0.202011040924/tools/bin/../lib/gcc/arm-none-eabi/9.3.1/../../../../arm-none-eabi/lib/thumb/v7e-m+fp/hard\libc_nano.a(lib_a-memset.o)
 .ARM.attributes
                0x0000000000000315       0x34 c:/st/stm32cubeide_1.6.1/stm32cubeide/plugins/com.st.stm32cube.ide.mcu.externaltools.gnu-tools-for-stm32.9-2020-q2-update.win32_1.5.0.202011040924/tools/bin/../lib/gcc/arm-none-eabi/9.3.1/../../../../arm-none-eabi/lib/thumb/v7e-m+fp/hard\libc_nano.a(lib_a-printf.o)
 .ARM.attributes
                0x0000000000000349       0x34 c:/st/stm32cubeide_1.6.1/stm32cubeide/plugins/com.st.stm32cube.ide.mcu.externaltools.gnu-tools-for-stm32.9-2020-q2-update.win32_1.5.0.202011040924/tools/bin/../lib/gcc/arm-none-eabi/9.3.1/../../../../arm-none-eabi/lib/thumb/v7e-m+fp/hard\libc_nano.a(lib_a-puts.o)
 .ARM.attributes
                0x000000000000037d       0x34 c:/st/stm32cubeide_1.6.1/stm32cubeide/plugins/com.st.stm32cube.ide.mcu.externaltools.gnu-tools-for-stm32.9-2020-q2-update.win32_1.5.0.202011040924/tools/bin/../lib/gcc/arm-none-eabi/9.3.1/../../../../arm-none-eabi/lib/thumb/v7e-m+fp/hard\libc_nano.a(lib_a-rget.o)
 .ARM.attributes
                0x00000000000003b1       0x34 c:/st/stm32cubeide_1.6.1/stm32cubeide/plugins/com.st.stm32cube.ide.mcu.externaltools.gnu-tools-for-stm32.9-2020-q2-update.win32_1.5.0.202011040924/tools/bin/../lib/gcc/arm-none-eabi/9.3.1/../../../../arm-none-eabi/lib/thumb/v7e-m+fp/hard\libc_nano.a(lib_a-scanf.o)
 .ARM.attributes
                0x00000000000003e5       0x34 c:/st/stm32cubeide_1.6.1/stm32cubeide/plugins/com.st.stm32cube.ide.mcu.externaltools.gnu-tools-for-stm32.9-2020-q2-update.win32_1.5.0.202011040924/tools/bin/../lib/gcc/arm-none-eabi/9.3.1/../../../../arm-none-eabi/lib/thumb/v7e-m+fp/hard\libc_nano.a(lib_a-wbuf.o)
 .ARM.attributes
                0x0000000000000419       0x34 c:/st/stm32cubeide_1.6.1/stm32cubeide/plugins/com.st.stm32cube.ide.mcu.externaltools.gnu-tools-for-stm32.9-2020-q2-update.win32_1.5.0.202011040924/tools/bin/../lib/gcc/arm-none-eabi/9.3.1/../../../../arm-none-eabi/lib/thumb/v7e-m+fp/hard\libc_nano.a(lib_a-wsetup.o)
 .ARM.attributes
                0x000000000000044d       0x34 c:/st/stm32cubeide_1.6.1/stm32cubeide/plugins/com.st.stm32cube.ide.mcu.externaltools.gnu-tools-for-stm32.9-2020-q2-update.win32_1.5.0.202011040924/tools/bin/../lib/gcc/arm-none-eabi/9.3.1/../../../../arm-none-eabi/lib/thumb/v7e-m+fp/hard\libc_nano.a(lib_a-fflush.o)
 .ARM.attributes
                0x0000000000000481       0x34 c:/st/stm32cubeide_1.6.1/stm32cubeide/plugins/com.st.stm32cube.ide.mcu.externaltools.gnu-tools-for-stm32.9-2020-q2-update.win32_1.5.0.202011040924/tools/bin/../lib/gcc/arm-none-eabi/9.3.1/../../../../arm-none-eabi/lib/thumb/v7e-m+fp/hard\libc_nano.a(lib_a-findfp.o)
 .ARM.attributes
                0x00000000000004b5       0x34 c:/st/stm32cubeide_1.6.1/stm32cubeide/plugins/com.st.stm32cube.ide.mcu.externaltools.gnu-tools-for-stm32.9-2020-q2-update.win32_1.5.0.202011040924/tools/bin/../lib/gcc/arm-none-eabi/9.3.1/../../../../arm-none-eabi/lib/thumb/v7e-m+fp/hard\libc_nano.a(lib_a-fwalk.o)
 .ARM.attributes
                0x00000000000004e9       0x34 c:/st/stm32cubeide_1.6.1/stm32cubeide/plugins/com.st.stm32cube.ide.mcu.externaltools.gnu-tools-for-stm32.9-2020-q2-update.win32_1.5.0.202011040924/tools/bin/../lib/gcc/arm-none-eabi/9.3.1/../../../../arm-none-eabi/lib/thumb/v7e-m+fp/hard\libc_nano.a(lib_a-makebuf.o)
 .ARM.attributes
                0x000000000000051d       0x34 c:/st/stm32cubeide_1.6.1/stm32cubeide/plugins/com.st.stm32cube.ide.mcu.externaltools.gnu-tools-for-stm32.9-2020-q2-update.win32_1.5.0.202011040924/tools/bin/../lib/gcc/arm-none-eabi/9.3.1/../../../../arm-none-eabi/lib/thumb/v7e-m+fp/hard\libc_nano.a(lib_a-nano-freer.o)
 .ARM.attributes
                0x0000000000000551       0x34 c:/st/stm32cubeide_1.6.1/stm32cubeide/plugins/com.st.stm32cube.ide.mcu.externaltools.gnu-tools-for-stm32.9-2020-q2-update.win32_1.5.0.202011040924/tools/bin/../lib/gcc/arm-none-eabi/9.3.1/../../../../arm-none-eabi/lib/thumb/v7e-m+fp/hard\libc_nano.a(lib_a-nano-mallocr.o)
 .ARM.attributes
                0x0000000000000585       0x34 c:/st/stm32cubeide_1.6.1/stm32cubeide/plugins/com.st.stm32cube.ide.mcu.externaltools.gnu-tools-for-stm32.9-2020-q2-update.win32_1.5.0.202011040924/tools/bin/../lib/gcc/arm-none-eabi/9.3.1/../../../../arm-none-eabi/lib/thumb/v7e-m+fp/hard\libc_nano.a(lib_a-nano-vfprintf.o)
 .ARM.attributes
                0x00000000000005b9       0x34 c:/st/stm32cubeide_1.6.1/stm32cubeide/plugins/com.st.stm32cube.ide.mcu.externaltools.gnu-tools-for-stm32.9-2020-q2-update.win32_1.5.0.202011040924/tools/bin/../lib/gcc/arm-none-eabi/9.3.1/../../../../arm-none-eabi/lib/thumb/v7e-m+fp/hard\libc_nano.a(lib_a-nano-vfprintf_i.o)
 .ARM.attributes
                0x00000000000005ed       0x34 c:/st/stm32cubeide_1.6.1/stm32cubeide/plugins/com.st.stm32cube.ide.mcu.externaltools.gnu-tools-for-stm32.9-2020-q2-update.win32_1.5.0.202011040924/tools/bin/../lib/gcc/arm-none-eabi/9.3.1/../../../../arm-none-eabi/lib/thumb/v7e-m+fp/hard\libc_nano.a(lib_a-nano-vfscanf.o)
 .ARM.attributes
                0x0000000000000621       0x34 c:/st/stm32cubeide_1.6.1/stm32cubeide/plugins/com.st.stm32cube.ide.mcu.externaltools.gnu-tools-for-stm32.9-2020-q2-update.win32_1.5.0.202011040924/tools/bin/../lib/gcc/arm-none-eabi/9.3.1/../../../../arm-none-eabi/lib/thumb/v7e-m+fp/hard\libc_nano.a(lib_a-nano-vfscanf_i.o)
 .ARM.attributes
                0x0000000000000655       0x34 c:/st/stm32cubeide_1.6.1/stm32cubeide/plugins/com.st.stm32cube.ide.mcu.externaltools.gnu-tools-for-stm32.9-2020-q2-update.win32_1.5.0.202011040924/tools/bin/../lib/gcc/arm-none-eabi/9.3.1/../../../../arm-none-eabi/lib/thumb/v7e-m+fp/hard\libc_nano.a(lib_a-refill.o)
 .ARM.attributes
                0x0000000000000689       0x34 c:/st/stm32cubeide_1.6.1/stm32cubeide/plugins/com.st.stm32cube.ide.mcu.externaltools.gnu-tools-for-stm32.9-2020-q2-update.win32_1.5.0.202011040924/tools/bin/../lib/gcc/arm-none-eabi/9.3.1/../../../../arm-none-eabi/lib/thumb/v7e-m+fp/hard\libc_nano.a(lib_a-sbrkr.o)
 .ARM.attributes
                0x00000000000006bd       0x34 c:/st/stm32cubeide_1.6.1/stm32cubeide/plugins/com.st.stm32cube.ide.mcu.externaltools.gnu-tools-for-stm32.9-2020-q2-update.win32_1.5.0.202011040924/tools/bin/../lib/gcc/arm-none-eabi/9.3.1/../../../../arm-none-eabi/lib/thumb/v7e-m+fp/hard\libc_nano.a(lib_a-sccl.o)
 .ARM.attributes
                0x00000000000006f1       0x34 c:/st/stm32cubeide_1.6.1/stm32cubeide/plugins/com.st.stm32cube.ide.mcu.externaltools.gnu-tools-for-stm32.9-2020-q2-update.win32_1.5.0.202011040924/tools/bin/../lib/gcc/arm-none-eabi/9.3.1/../../../../arm-none-eabi/lib/thumb/v7e-m+fp/hard\libc_nano.a(lib_a-stdio.o)
 .ARM.attributes
                0x0000000000000725       0x34 c:/st/stm32cubeide_1.6.1/stm32cubeide/plugins/com.st.stm32cube.ide.mcu.externaltools.gnu-tools-for-stm32.9-2020-q2-update.win32_1.5.0.202011040924/tools/bin/../lib/gcc/arm-none-eabi/9.3.1/../../../../arm-none-eabi/lib/thumb/v7e-m+fp/hard\libc_nano.a(lib_a-strtol.o)
 .ARM.attributes
                0x0000000000000759       0x34 c:/st/stm32cubeide_1.6.1/stm32cubeide/plugins/com.st.stm32cube.ide.mcu.externaltools.gnu-tools-for-stm32.9-2020-q2-update.win32_1.5.0.202011040924/tools/bin/../lib/gcc/arm-none-eabi/9.3.1/../../../../arm-none-eabi/lib/thumb/v7e-m+fp/hard\libc_nano.a(lib_a-strtoul.o)
 .ARM.attributes
                0x000000000000078d       0x34 c:/st/stm32cubeide_1.6.1/stm32cubeide/plugins/com.st.stm32cube.ide.mcu.externaltools.gnu-tools-for-stm32.9-2020-q2-update.win32_1.5.0.202011040924/tools/bin/../lib/gcc/arm-none-eabi/9.3.1/../../../../arm-none-eabi/lib/thumb/v7e-m+fp/hard\libc_nano.a(lib_a-ungetc.o)
 .ARM.attributes
                0x00000000000007c1       0x34 c:/st/stm32cubeide_1.6.1/stm32cubeide/plugins/com.st.stm32cube.ide.mcu.externaltools.gnu-tools-for-stm32.9-2020-q2-update.win32_1.5.0.202011040924/tools/bin/../lib/gcc/arm-none-eabi/9.3.1/../../../../arm-none-eabi/lib/thumb/v7e-m+fp/hard\libc_nano.a(lib_a-writer.o)
 .ARM.attributes
                0x00000000000007f5       0x34 c:/st/stm32cubeide_1.6.1/stm32cubeide/plugins/com.st.stm32cube.ide.mcu.externaltools.gnu-tools-for-stm32.9-2020-q2-update.win32_1.5.0.202011040924/tools/bin/../lib/gcc/arm-none-eabi/9.3.1/../../../../arm-none-eabi/lib/thumb/v7e-m+fp/hard\libc_nano.a(lib_a-closer.o)
 .ARM.attributes
                0x0000000000000829       0x32 c:/st/stm32cubeide_1.6.1/stm32cubeide/plugins/com.st.stm32cube.ide.mcu.externaltools.gnu-tools-for-stm32.9-2020-q2-update.win32_1.5.0.202011040924/tools/bin/../lib/gcc/arm-none-eabi/9.3.1/../../../../arm-none-eabi/lib/thumb/v7e-m+fp/hard\libc_nano.a(lib_a-ctype_.o)
 .ARM.attributes
                0x000000000000085b       0x34 c:/st/stm32cubeide_1.6.1/stm32cubeide/plugins/com.st.stm32cube.ide.mcu.externaltools.gnu-tools-for-stm32.9-2020-q2-update.win32_1.5.0.202011040924/tools/bin/../lib/gcc/arm-none-eabi/9.3.1/../../../../arm-none-eabi/lib/thumb/v7e-m+fp/hard\libc_nano.a(lib_a-fstatr.o)
 .ARM.attributes
                0x000000000000088f       0x34 c:/st/stm32cubeide_1.6.1/stm32cubeide/plugins/com.st.stm32cube.ide.mcu.externaltools.gnu-tools-for-stm32.9-2020-q2-update.win32_1.5.0.202011040924/tools/bin/../lib/gcc/arm-none-eabi/9.3.1/../../../../arm-none-eabi/lib/thumb/v7e-m+fp/hard\libc_nano.a(lib_a-isattyr.o)
 .ARM.attributes
                0x00000000000008c3       0x34 c:/st/stm32cubeide_1.6.1/stm32cubeide/plugins/com.st.stm32cube.ide.mcu.externaltools.gnu-tools-for-stm32.9-2020-q2-update.win32_1.5.0.202011040924/tools/bin/../lib/gcc/arm-none-eabi/9.3.1/../../../../arm-none-eabi/lib/thumb/v7e-m+fp/hard\libc_nano.a(lib_a-lseekr.o)
 .ARM.attributes
                0x00000000000008f7       0x1c c:/st/stm32cubeide_1.6.1/stm32cubeide/plugins/com.st.stm32cube.ide.mcu.externaltools.gnu-tools-for-stm32.9-2020-q2-update.win32_1.5.0.202011040924/tools/bin/../lib/gcc/arm-none-eabi/9.3.1/../../../../arm-none-eabi/lib/thumb/v7e-m+fp/hard\libc_nano.a(lib_a-memchr.o)
 .ARM.attributes
                0x0000000000000913       0x34 c:/st/stm32cubeide_1.6.1/stm32cubeide/plugins/com.st.stm32cube.ide.mcu.externaltools.gnu-tools-for-stm32.9-2020-q2-update.win32_1.5.0.202011040924/tools/bin/../lib/gcc/arm-none-eabi/9.3.1/../../../../arm-none-eabi/lib/thumb/v7e-m+fp/hard\libc_nano.a(lib_a-memcpy-stub.o)
 .ARM.attributes
                0x0000000000000947       0x34 c:/st/stm32cubeide_1.6.1/stm32cubeide/plugins/com.st.stm32cube.ide.mcu.externaltools.gnu-tools-for-stm32.9-2020-q2-update.win32_1.5.0.202011040924/tools/bin/../lib/gcc/arm-none-eabi/9.3.1/../../../../arm-none-eabi/lib/thumb/v7e-m+fp/hard\libc_nano.a(lib_a-mlock.o)
 .ARM.attributes
                0x000000000000097b       0x34 c:/st/stm32cubeide_1.6.1/stm32cubeide/plugins/com.st.stm32cube.ide.mcu.externaltools.gnu-tools-for-stm32.9-2020-q2-update.win32_1.5.0.202011040924/tools/bin/../lib/gcc/arm-none-eabi/9.3.1/../../../../arm-none-eabi/lib/thumb/v7e-m+fp/hard\libc_nano.a(lib_a-nano-reallocr.o)
 .ARM.attributes
                0x00000000000009af       0x34 c:/st/stm32cubeide_1.6.1/stm32cubeide/plugins/com.st.stm32cube.ide.mcu.externaltools.gnu-tools-for-stm32.9-2020-q2-update.win32_1.5.0.202011040924/tools/bin/../lib/gcc/arm-none-eabi/9.3.1/../../../../arm-none-eabi/lib/thumb/v7e-m+fp/hard\libc_nano.a(lib_a-readr.o)
 .ARM.attributes
                0x00000000000009e3       0x34 c:/st/stm32cubeide_1.6.1/stm32cubeide/plugins/com.st.stm32cube.ide.mcu.externaltools.gnu-tools-for-stm32.9-2020-q2-update.win32_1.5.0.202011040924/tools/bin/../lib/gcc/arm-none-eabi/9.3.1/../../../../arm-none-eabi/lib/thumb/v7e-m+fp/hard\libc_nano.a(lib_a-reent.o)
 .ARM.attributes
                0x0000000000000a17       0x34 c:/st/stm32cubeide_1.6.1/stm32cubeide/plugins/com.st.stm32cube.ide.mcu.externaltools.gnu-tools-for-stm32.9-2020-q2-update.win32_1.5.0.202011040924/tools/bin/../lib/gcc/arm-none-eabi/9.3.1/../../../../arm-none-eabi/lib/thumb/v7e-m+fp/hard\libc_nano.a(lib_a-nano-msizer.o)
 .ARM.attributes
                0x0000000000000a4b       0x1e c:/st/stm32cubeide_1.6.1/stm32cubeide/plugins/com.st.stm32cube.ide.mcu.externaltools.gnu-tools-for-stm32.9-2020-q2-update.win32_1.5.0.202011040924/tools/bin/../lib/gcc/arm-none-eabi/9.3.1/thumb/v7e-m+fp/hard/crtn.o
OUTPUT(Example4_5.elf elf32-littlearm)
LOAD linker stubs
LOAD c:/st/stm32cubeide_1.6.1/stm32cubeide/plugins/com.st.stm32cube.ide.mcu.externaltools.gnu-tools-for-stm32.9-2020-q2-update.win32_1.5.0.202011040924/tools/bin/../lib/gcc/arm-none-eabi/9.3.1/../../../../arm-none-eabi/lib/thumb/v7e-m+fp/hard\libc.a
LOAD c:/st/stm32cubeide_1.6.1/stm32cubeide/plugins/com.st.stm32cube.ide.mcu.externaltools.gnu-tools-for-stm32.9-2020-q2-update.win32_1.5.0.202011040924/tools/bin/../lib/gcc/arm-none-eabi/9.3.1/../../../../arm-none-eabi/lib/thumb/v7e-m+fp/hard\libm.a
LOAD c:/st/stm32cubeide_1.6.1/stm32cubeide/plugins/com.st.stm32cube.ide.mcu.externaltools.gnu-tools-for-stm32.9-2020-q2-update.win32_1.5.0.202011040924/tools/bin/../lib/gcc/arm-none-eabi/9.3.1/thumb/v7e-m+fp/hard\libgcc.a

.debug_info     0x0000000000000000     0x39a1
 .debug_info    0x0000000000000000      0xe83 Core/Src/Console_main.o
 .debug_info    0x0000000000000e83      0x222 Core/Src/stm32f4xx_it.o
 .debug_info    0x00000000000010a5      0xfa8 Core/Src/syscalls.o
 .debug_info    0x000000000000204d      0xa25 Core/Src/sysmem.o
 .debug_info    0x0000000000002a72      0x5d0 Core/Src/system_stm32f4xx.o
 .debug_info    0x0000000000003042       0x22 Core/Startup/startup_stm32f401retx.o
 .debug_info    0x0000000000003064      0x93d Drivers/STM32F4xx_HAL_Driver/Src/stm32f4xx_hal.o

.debug_abbrev   0x0000000000000000      0xae6
 .debug_abbrev  0x0000000000000000      0x25a Core/Src/Console_main.o
 .debug_abbrev  0x000000000000025a       0xd2 Core/Src/stm32f4xx_it.o
 .debug_abbrev  0x000000000000032c      0x286 Core/Src/syscalls.o
 .debug_abbrev  0x00000000000005b2      0x1bf Core/Src/sysmem.o
 .debug_abbrev  0x0000000000000771      0x145 Core/Src/system_stm32f4xx.o
 .debug_abbrev  0x00000000000008b6       0x12 Core/Startup/startup_stm32f401retx.o
 .debug_abbrev  0x00000000000008c8      0x21e Drivers/STM32F4xx_HAL_Driver/Src/stm32f4xx_hal.o

.debug_aranges  0x0000000000000000      0x2b0
 .debug_aranges
                0x0000000000000000       0x48 Core/Src/Console_main.o
 .debug_aranges
                0x0000000000000048       0x60 Core/Src/stm32f4xx_it.o
 .debug_aranges
                0x00000000000000a8       0xa8 Core/Src/syscalls.o
 .debug_aranges
                0x0000000000000150       0x20 Core/Src/sysmem.o
 .debug_aranges
                0x0000000000000170       0x28 Core/Src/system_stm32f4xx.o
 .debug_aranges
                0x0000000000000198       0x28 Core/Startup/startup_stm32f401retx.o
 .debug_aranges
                0x00000000000001c0       0xf0 Drivers/STM32F4xx_HAL_Driver/Src/stm32f4xx_hal.o

.debug_ranges   0x0000000000000000      0x248
 .debug_ranges  0x0000000000000000       0x38 Core/Src/Console_main.o
 .debug_ranges  0x0000000000000038       0x50 Core/Src/stm32f4xx_it.o
 .debug_ranges  0x0000000000000088       0x98 Core/Src/syscalls.o
 .debug_ranges  0x0000000000000120       0x10 Core/Src/sysmem.o
 .debug_ranges  0x0000000000000130       0x18 Core/Src/system_stm32f4xx.o
 .debug_ranges  0x0000000000000148       0x20 Core/Startup/startup_stm32f401retx.o
 .debug_ranges  0x0000000000000168       0xe0 Drivers/STM32F4xx_HAL_Driver/Src/stm32f4xx_hal.o

.debug_macro    0x0000000000000000    0x1578c
 .debug_macro   0x0000000000000000      0x30f Core/Src/Console_main.o
 .debug_macro   0x000000000000030f      0xaa8 Core/Src/Console_main.o
 .debug_macro   0x0000000000000db7       0x2e Core/Src/Console_main.o
 .debug_macro   0x0000000000000de5       0x28 Core/Src/Console_main.o
 .debug_macro   0x0000000000000e0d       0x22 Core/Src/Console_main.o
 .debug_macro   0x0000000000000e2f       0x8e Core/Src/Console_main.o
 .debug_macro   0x0000000000000ebd       0x51 Core/Src/Console_main.o
 .debug_macro   0x0000000000000f0e      0x103 Core/Src/Console_main.o
 .debug_macro   0x0000000000001011       0x6a Core/Src/Console_main.o
 .debug_macro   0x000000000000107b      0x1df Core/Src/Console_main.o
 .debug_macro   0x000000000000125a       0x1c Core/Src/Console_main.o
 .debug_macro   0x0000000000001276       0x22 Core/Src/Console_main.o
 .debug_macro   0x0000000000001298       0xdf Core/Src/Console_main.o
 .debug_macro   0x0000000000001377     0x102d Core/Src/Console_main.o
 .debug_macro   0x00000000000023a4      0x11f Core/Src/Console_main.o
 .debug_macro   0x00000000000024c3     0xb86c Core/Src/Console_main.o
 .debug_macro   0x000000000000dd2f       0x6d Core/Src/Console_main.o
 .debug_macro   0x000000000000dd9c      0x28f Core/Src/Console_main.o
 .debug_macro   0x000000000000e02b     0x3666 Core/Src/Console_main.o
 .debug_macro   0x0000000000011691      0x174 Core/Src/Console_main.o
 .debug_macro   0x0000000000011805       0x5c Core/Src/Console_main.o
 .debug_macro   0x0000000000011861      0x416 Core/Src/Console_main.o
 .debug_macro   0x0000000000011c77      0x9fe Core/Src/Console_main.o
 .debug_macro   0x0000000000012675      0x116 Core/Src/Console_main.o
 .debug_macro   0x000000000001278b       0xf8 Core/Src/Console_main.o
 .debug_macro   0x0000000000012883       0xa5 Core/Src/Console_main.o
 .debug_macro   0x0000000000012928      0x15f Core/Src/Console_main.o
 .debug_macro   0x0000000000012a87      0x287 Core/Src/Console_main.o
 .debug_macro   0x0000000000012d0e       0x5f Core/Src/Console_main.o
 .debug_macro   0x0000000000012d6d      0x236 Core/Src/Console_main.o
 .debug_macro   0x0000000000012fa3      0x132 Core/Src/Console_main.o
 .debug_macro   0x00000000000130d5      0x264 Core/Src/Console_main.o
 .debug_macro   0x0000000000013339       0x2e Core/Src/Console_main.o
 .debug_macro   0x0000000000013367      0x11a Core/Src/Console_main.o
 .debug_macro   0x0000000000013481       0x85 Core/Src/Console_main.o
 .debug_macro   0x0000000000013506       0x89 Core/Src/Console_main.o
 .debug_macro   0x000000000001358f      0x126 Core/Src/Console_main.o
 .debug_macro   0x00000000000136b5       0x52 Core/Src/Console_main.o
 .debug_macro   0x0000000000013707       0x18 Core/Src/Console_main.o
 .debug_macro   0x000000000001371f       0x3c Core/Src/Console_main.o
 .debug_macro   0x000000000001375b       0x34 Core/Src/Console_main.o
 .debug_macro   0x000000000001378f       0x16 Core/Src/Console_main.o
 .debug_macro   0x00000000000137a5       0x35 Core/Src/Console_main.o
 .debug_macro   0x00000000000137da      0x333 Core/Src/Console_main.o
 .debug_macro   0x0000000000013b0d       0x10 Core/Src/Console_main.o
 .debug_macro   0x0000000000013b1d       0x16 Core/Src/Console_main.o
 .debug_macro   0x0000000000013b33       0x43 Core/Src/Console_main.o
 .debug_macro   0x0000000000013b76       0x34 Core/Src/Console_main.o
 .debug_macro   0x0000000000013baa       0x10 Core/Src/Console_main.o
 .debug_macro   0x0000000000013bba       0x58 Core/Src/Console_main.o
 .debug_macro   0x0000000000013c12       0x71 Core/Src/Console_main.o
 .debug_macro   0x0000000000013c83       0x1c Core/Src/Console_main.o
 .debug_macro   0x0000000000013c9f      0x12a Core/Src/Console_main.o
 .debug_macro   0x0000000000013dc9       0x10 Core/Src/Console_main.o
 .debug_macro   0x0000000000013dd9       0x1c Core/Src/Console_main.o
 .debug_macro   0x0000000000013df5       0x52 Core/Src/Console_main.o
 .debug_macro   0x0000000000013e47       0x22 Core/Src/Console_main.o
 .debug_macro   0x0000000000013e69       0x10 Core/Src/Console_main.o
 .debug_macro   0x0000000000013e79       0x40 Core/Src/Console_main.o
 .debug_macro   0x0000000000013eb9       0xd5 Core/Src/Console_main.o
 .debug_macro   0x0000000000013f8e       0x1c Core/Src/Console_main.o
 .debug_macro   0x0000000000013faa       0x3d Core/Src/Console_main.o
 .debug_macro   0x0000000000013fe7       0x16 Core/Src/Console_main.o
 .debug_macro   0x0000000000013ffd      0x145 Core/Src/Console_main.o
 .debug_macro   0x0000000000014142      0x1c4 Core/Src/stm32f4xx_it.o
 .debug_macro   0x0000000000014306      0x24c Core/Src/syscalls.o
 .debug_macro   0x0000000000014552       0x4c Core/Src/syscalls.o
 .debug_macro   0x000000000001459e       0x94 Core/Src/syscalls.o
 .debug_macro   0x0000000000014632       0x57 Core/Src/syscalls.o
 .debug_macro   0x0000000000014689      0x339 Core/Src/syscalls.o
 .debug_macro   0x00000000000149c2       0x10 Core/Src/syscalls.o
 .debug_macro   0x00000000000149d2       0x10 Core/Src/syscalls.o
 .debug_macro   0x00000000000149e2       0x10 Core/Src/syscalls.o
 .debug_macro   0x00000000000149f2       0x35 Core/Src/syscalls.o
 .debug_macro   0x0000000000014a27      0x12c Core/Src/syscalls.o
 .debug_macro   0x0000000000014b53       0x16 Core/Src/syscalls.o
 .debug_macro   0x0000000000014b69       0x16 Core/Src/syscalls.o
 .debug_macro   0x0000000000014b7f       0x29 Core/Src/syscalls.o
 .debug_macro   0x0000000000014ba8       0x10 Core/Src/syscalls.o
 .debug_macro   0x0000000000014bb8      0x241 Core/Src/syscalls.o
 .debug_macro   0x0000000000014df9       0x1c Core/Src/syscalls.o
 .debug_macro   0x0000000000014e15       0x10 Core/Src/syscalls.o
 .debug_macro   0x0000000000014e25      0x189 Core/Src/syscalls.o
 .debug_macro   0x0000000000014fae       0x16 Core/Src/syscalls.o
 .debug_macro   0x0000000000014fc4       0xce Core/Src/syscalls.o
 .debug_macro   0x0000000000015092       0xff Core/Src/sysmem.o
 .debug_macro   0x0000000000015191      0x23b Core/Src/sysmem.o
 .debug_macro   0x00000000000153cc      0x1b0 Core/Src/system_stm32f4xx.o
 .debug_macro   0x000000000001557c      0x210 Drivers/STM32F4xx_HAL_Driver/Src/stm32f4xx_hal.o

.debug_line     0x0000000000000000     0x2ea6
 .debug_line    0x0000000000000000      0x980 Core/Src/Console_main.o
 .debug_line    0x0000000000000980      0x740 Core/Src/stm32f4xx_it.o
 .debug_line    0x00000000000010c0      0x802 Core/Src/syscalls.o
 .debug_line    0x00000000000018c2      0x4f8 Core/Src/sysmem.o
 .debug_line    0x0000000000001dba      0x6ff Core/Src/system_stm32f4xx.o
 .debug_line    0x00000000000024b9       0x88 Core/Startup/startup_stm32f401retx.o
 .debug_line    0x0000000000002541      0x965 Drivers/STM32F4xx_HAL_Driver/Src/stm32f4xx_hal.o

.debug_str      0x0000000000000000    0x83294
 .debug_str     0x0000000000000000    0x80fd0 Core/Src/Console_main.o
                                      0x812ff (size before relaxing)
 .debug_str     0x0000000000080fd0       0xc7 Core/Src/stm32f4xx_it.o
                                      0x7d140 (size before relaxing)
 .debug_str     0x0000000000081097     0x1771 Core/Src/syscalls.o
                                       0x8ed2 (size before relaxing)
 .debug_str     0x0000000000082808       0x6b Core/Src/sysmem.o
                                       0x62a5 (size before relaxing)
 .debug_str     0x0000000000082873       0xaf Core/Src/system_stm32f4xx.o
                                      0x7d236 (size before relaxing)
 .debug_str     0x0000000000082922       0x36 Core/Startup/startup_stm32f401retx.o
                                         0x76 (size before relaxing)
 .debug_str     0x0000000000082958      0x93c Drivers/STM32F4xx_HAL_Driver/Src/stm32f4xx_hal.o
                                      0x7dbb6 (size before relaxing)

.comment        0x0000000000000000       0x53
 .comment       0x0000000000000000       0x53 Core/Src/Console_main.o
                                         0x54 (size before relaxing)
 .comment       0x0000000000000053       0x54 Core/Src/stm32f4xx_it.o
 .comment       0x0000000000000053       0x54 Core/Src/syscalls.o
 .comment       0x0000000000000053       0x54 Core/Src/sysmem.o
 .comment       0x0000000000000053       0x54 Core/Src/system_stm32f4xx.o
 .comment       0x0000000000000053       0x54 Drivers/STM32F4xx_HAL_Driver/Src/stm32f4xx_hal.o

.debug_frame    0x0000000000000000     0x1530
 .debug_frame   0x0000000000000000       0xe0 Core/Src/Console_main.o
 .debug_frame   0x00000000000000e0      0x104 Core/Src/stm32f4xx_it.o
 .debug_frame   0x00000000000001e4      0x2ac Core/Src/syscalls.o
 .debug_frame   0x0000000000000490       0x34 Core/Src/sysmem.o
 .debug_frame   0x00000000000004c4       0x58 Core/Src/system_stm32f4xx.o
 .debug_frame   0x000000000000051c      0x374 Drivers/STM32F4xx_HAL_Driver/Src/stm32f4xx_hal.o
 .debug_frame   0x0000000000000890       0x20 c:/st/stm32cubeide_1.6.1/stm32cubeide/plugins/com.st.stm32cube.ide.mcu.externaltools.gnu-tools-for-stm32.9-2020-q2-update.win32_1.5.0.202011040924/tools/bin/../lib/gcc/arm-none-eabi/9.3.1/../../../../arm-none-eabi/lib/thumb/v7e-m+fp/hard\libc_nano.a(lib_a-errno.o)
 .debug_frame   0x00000000000008b0       0x4c c:/st/stm32cubeide_1.6.1/stm32cubeide/plugins/com.st.stm32cube.ide.mcu.externaltools.gnu-tools-for-stm32.9-2020-q2-update.win32_1.5.0.202011040924/tools/bin/../lib/gcc/arm-none-eabi/9.3.1/../../../../arm-none-eabi/lib/thumb/v7e-m+fp/hard\libc_nano.a(lib_a-fwrite.o)
 .debug_frame   0x00000000000008fc       0x40 c:/st/stm32cubeide_1.6.1/stm32cubeide/plugins/com.st.stm32cube.ide.mcu.externaltools.gnu-tools-for-stm32.9-2020-q2-update.win32_1.5.0.202011040924/tools/bin/../lib/gcc/arm-none-eabi/9.3.1/../../../../arm-none-eabi/lib/thumb/v7e-m+fp/hard\libc_nano.a(lib_a-gets.o)
 .debug_frame   0x000000000000093c       0x2c c:/st/stm32cubeide_1.6.1/stm32cubeide/plugins/com.st.stm32cube.ide.mcu.externaltools.gnu-tools-for-stm32.9-2020-q2-update.win32_1.5.0.202011040924/tools/bin/../lib/gcc/arm-none-eabi/9.3.1/../../../../arm-none-eabi/lib/thumb/v7e-m+fp/hard\libc_nano.a(lib_a-init.o)
 .debug_frame   0x0000000000000968       0xb0 c:/st/stm32cubeide_1.6.1/stm32cubeide/plugins/com.st.stm32cube.ide.mcu.externaltools.gnu-tools-for-stm32.9-2020-q2-update.win32_1.5.0.202011040924/tools/bin/../lib/gcc/arm-none-eabi/9.3.1/../../../../arm-none-eabi/lib/thumb/v7e-m+fp/hard\libc_nano.a(lib_a-lock.o)
 .debug_frame   0x0000000000000a18       0x20 c:/st/stm32cubeide_1.6.1/stm32cubeide/plugins/com.st.stm32cube.ide.mcu.externaltools.gnu-tools-for-stm32.9-2020-q2-update.win32_1.5.0.202011040924/tools/bin/../lib/gcc/arm-none-eabi/9.3.1/../../../../arm-none-eabi/lib/thumb/v7e-m+fp/hard\libc_nano.a(lib_a-memset.o)
 .debug_frame   0x0000000000000a38       0x74 c:/st/stm32cubeide_1.6.1/stm32cubeide/plugins/com.st.stm32cube.ide.mcu.externaltools.gnu-tools-for-stm32.9-2020-q2-update.win32_1.5.0.202011040924/tools/bin/../lib/gcc/arm-none-eabi/9.3.1/../../../../arm-none-eabi/lib/thumb/v7e-m+fp/hard\libc_nano.a(lib_a-printf.o)
 .debug_frame   0x0000000000000aac       0x3c c:/st/stm32cubeide_1.6.1/stm32cubeide/plugins/com.st.stm32cube.ide.mcu.externaltools.gnu-tools-for-stm32.9-2020-q2-update.win32_1.5.0.202011040924/tools/bin/../lib/gcc/arm-none-eabi/9.3.1/../../../../arm-none-eabi/lib/thumb/v7e-m+fp/hard\libc_nano.a(lib_a-puts.o)
 .debug_frame   0x0000000000000ae8       0x3c c:/st/stm32cubeide_1.6.1/stm32cubeide/plugins/com.st.stm32cube.ide.mcu.externaltools.gnu-tools-for-stm32.9-2020-q2-update.win32_1.5.0.202011040924/tools/bin/../lib/gcc/arm-none-eabi/9.3.1/../../../../arm-none-eabi/lib/thumb/v7e-m+fp/hard\libc_nano.a(lib_a-rget.o)
 .debug_frame   0x0000000000000b24       0x74 c:/st/stm32cubeide_1.6.1/stm32cubeide/plugins/com.st.stm32cube.ide.mcu.externaltools.gnu-tools-for-stm32.9-2020-q2-update.win32_1.5.0.202011040924/tools/bin/../lib/gcc/arm-none-eabi/9.3.1/../../../../arm-none-eabi/lib/thumb/v7e-m+fp/hard\libc_nano.a(lib_a-scanf.o)
 .debug_frame   0x0000000000000b98       0x40 c:/st/stm32cubeide_1.6.1/stm32cubeide/plugins/com.st.stm32cube.ide.mcu.externaltools.gnu-tools-for-stm32.9-2020-q2-update.win32_1.5.0.202011040924/tools/bin/../lib/gcc/arm-none-eabi/9.3.1/../../../../arm-none-eabi/lib/thumb/v7e-m+fp/hard\libc_nano.a(lib_a-wbuf.o)
 .debug_frame   0x0000000000000bd8       0x2c c:/st/stm32cubeide_1.6.1/stm32cubeide/plugins/com.st.stm32cube.ide.mcu.externaltools.gnu-tools-for-stm32.9-2020-q2-update.win32_1.5.0.202011040924/tools/bin/../lib/gcc/arm-none-eabi/9.3.1/../../../../arm-none-eabi/lib/thumb/v7e-m+fp/hard\libc_nano.a(lib_a-wsetup.o)
 .debug_frame   0x0000000000000c04       0x5c c:/st/stm32cubeide_1.6.1/stm32cubeide/plugins/com.st.stm32cube.ide.mcu.externaltools.gnu-tools-for-stm32.9-2020-q2-update.win32_1.5.0.202011040924/tools/bin/../lib/gcc/arm-none-eabi/9.3.1/../../../../arm-none-eabi/lib/thumb/v7e-m+fp/hard\libc_nano.a(lib_a-fflush.o)
 .debug_frame   0x0000000000000c60      0x14c c:/st/stm32cubeide_1.6.1/stm32cubeide/plugins/com.st.stm32cube.ide.mcu.externaltools.gnu-tools-for-stm32.9-2020-q2-update.win32_1.5.0.202011040924/tools/bin/../lib/gcc/arm-none-eabi/9.3.1/../../../../arm-none-eabi/lib/thumb/v7e-m+fp/hard\libc_nano.a(lib_a-findfp.o)
 .debug_frame   0x0000000000000dac       0x54 c:/st/stm32cubeide_1.6.1/stm32cubeide/plugins/com.st.stm32cube.ide.mcu.externaltools.gnu-tools-for-stm32.9-2020-q2-update.win32_1.5.0.202011040924/tools/bin/../lib/gcc/arm-none-eabi/9.3.1/../../../../arm-none-eabi/lib/thumb/v7e-m+fp/hard\libc_nano.a(lib_a-fwalk.o)
 .debug_frame   0x0000000000000e00       0x58 c:/st/stm32cubeide_1.6.1/stm32cubeide/plugins/com.st.stm32cube.ide.mcu.externaltools.gnu-tools-for-stm32.9-2020-q2-update.win32_1.5.0.202011040924/tools/bin/../lib/gcc/arm-none-eabi/9.3.1/../../../../arm-none-eabi/lib/thumb/v7e-m+fp/hard\libc_nano.a(lib_a-makebuf.o)
 .debug_frame   0x0000000000000e58       0x38 c:/st/stm32cubeide_1.6.1/stm32cubeide/plugins/com.st.stm32cube.ide.mcu.externaltools.gnu-tools-for-stm32.9-2020-q2-update.win32_1.5.0.202011040924/tools/bin/../lib/gcc/arm-none-eabi/9.3.1/../../../../arm-none-eabi/lib/thumb/v7e-m+fp/hard\libc_nano.a(lib_a-nano-freer.o)
 .debug_frame   0x0000000000000e90       0x30 c:/st/stm32cubeide_1.6.1/stm32cubeide/plugins/com.st.stm32cube.ide.mcu.externaltools.gnu-tools-for-stm32.9-2020-q2-update.win32_1.5.0.202011040924/tools/bin/../lib/gcc/arm-none-eabi/9.3.1/../../../../arm-none-eabi/lib/thumb/v7e-m+fp/hard\libc_nano.a(lib_a-nano-mallocr.o)
 .debug_frame   0x0000000000000ec0       0xac c:/st/stm32cubeide_1.6.1/stm32cubeide/plugins/com.st.stm32cube.ide.mcu.externaltools.gnu-tools-for-stm32.9-2020-q2-update.win32_1.5.0.202011040924/tools/bin/../lib/gcc/arm-none-eabi/9.3.1/../../../../arm-none-eabi/lib/thumb/v7e-m+fp/hard\libc_nano.a(lib_a-nano-vfprintf.o)
 .debug_frame   0x0000000000000f6c       0x60 c:/st/stm32cubeide_1.6.1/stm32cubeide/plugins/com.st.stm32cube.ide.mcu.externaltools.gnu-tools-for-stm32.9-2020-q2-update.win32_1.5.0.202011040924/tools/bin/../lib/gcc/arm-none-eabi/9.3.1/../../../../arm-none-eabi/lib/thumb/v7e-m+fp/hard\libc_nano.a(lib_a-nano-vfprintf_i.o)
 .debug_frame   0x0000000000000fcc       0xa4 c:/st/stm32cubeide_1.6.1/stm32cubeide/plugins/com.st.stm32cube.ide.mcu.externaltools.gnu-tools-for-stm32.9-2020-q2-update.win32_1.5.0.202011040924/tools/bin/../lib/gcc/arm-none-eabi/9.3.1/../../../../arm-none-eabi/lib/thumb/v7e-m+fp/hard\libc_nano.a(lib_a-nano-vfscanf.o)
 .debug_frame   0x0000000000001070       0x64 c:/st/stm32cubeide_1.6.1/stm32cubeide/plugins/com.st.stm32cube.ide.mcu.externaltools.gnu-tools-for-stm32.9-2020-q2-update.win32_1.5.0.202011040924/tools/bin/../lib/gcc/arm-none-eabi/9.3.1/../../../../arm-none-eabi/lib/thumb/v7e-m+fp/hard\libc_nano.a(lib_a-nano-vfscanf_i.o)
 .debug_frame   0x00000000000010d4       0x40 c:/st/stm32cubeide_1.6.1/stm32cubeide/plugins/com.st.stm32cube.ide.mcu.externaltools.gnu-tools-for-stm32.9-2020-q2-update.win32_1.5.0.202011040924/tools/bin/../lib/gcc/arm-none-eabi/9.3.1/../../../../arm-none-eabi/lib/thumb/v7e-m+fp/hard\libc_nano.a(lib_a-refill.o)
 .debug_frame   0x0000000000001114       0x2c c:/st/stm32cubeide_1.6.1/stm32cubeide/plugins/com.st.stm32cube.ide.mcu.externaltools.gnu-tools-for-stm32.9-2020-q2-update.win32_1.5.0.202011040924/tools/bin/../lib/gcc/arm-none-eabi/9.3.1/../../../../arm-none-eabi/lib/thumb/v7e-m+fp/hard\libc_nano.a(lib_a-sbrkr.o)
 .debug_frame   0x0000000000001140       0x2c c:/st/stm32cubeide_1.6.1/stm32cubeide/plugins/com.st.stm32cube.ide.mcu.externaltools.gnu-tools-for-stm32.9-2020-q2-update.win32_1.5.0.202011040924/tools/bin/../lib/gcc/arm-none-eabi/9.3.1/../../../../arm-none-eabi/lib/thumb/v7e-m+fp/hard\libc_nano.a(lib_a-sccl.o)
 .debug_frame   0x000000000000116c       0x88 c:/st/stm32cubeide_1.6.1/stm32cubeide/plugins/com.st.stm32cube.ide.mcu.externaltools.gnu-tools-for-stm32.9-2020-q2-update.win32_1.5.0.202011040924/tools/bin/../lib/gcc/arm-none-eabi/9.3.1/../../../../arm-none-eabi/lib/thumb/v7e-m+fp/hard\libc_nano.a(lib_a-stdio.o)
 .debug_frame   0x00000000000011f4       0x64 c:/st/stm32cubeide_1.6.1/stm32cubeide/plugins/com.st.stm32cube.ide.mcu.externaltools.gnu-tools-for-stm32.9-2020-q2-update.win32_1.5.0.202011040924/tools/bin/../lib/gcc/arm-none-eabi/9.3.1/../../../../arm-none-eabi/lib/thumb/v7e-m+fp/hard\libc_nano.a(lib_a-strtol.o)
 .debug_frame   0x0000000000001258       0x64 c:/st/stm32cubeide_1.6.1/stm32cubeide/plugins/com.st.stm32cube.ide.mcu.externaltools.gnu-tools-for-stm32.9-2020-q2-update.win32_1.5.0.202011040924/tools/bin/../lib/gcc/arm-none-eabi/9.3.1/../../../../arm-none-eabi/lib/thumb/v7e-m+fp/hard\libc_nano.a(lib_a-strtoul.o)
 .debug_frame   0x00000000000012bc       0x5c c:/st/stm32cubeide_1.6.1/stm32cubeide/plugins/com.st.stm32cube.ide.mcu.externaltools.gnu-tools-for-stm32.9-2020-q2-update.win32_1.5.0.202011040924/tools/bin/../lib/gcc/arm-none-eabi/9.3.1/../../../../arm-none-eabi/lib/thumb/v7e-m+fp/hard\libc_nano.a(lib_a-ungetc.o)
 .debug_frame   0x0000000000001318       0x2c c:/st/stm32cubeide_1.6.1/stm32cubeide/plugins/com.st.stm32cube.ide.mcu.externaltools.gnu-tools-for-stm32.9-2020-q2-update.win32_1.5.0.202011040924/tools/bin/../lib/gcc/arm-none-eabi/9.3.1/../../../../arm-none-eabi/lib/thumb/v7e-m+fp/hard\libc_nano.a(lib_a-writer.o)
 .debug_frame   0x0000000000001344       0x2c c:/st/stm32cubeide_1.6.1/stm32cubeide/plugins/com.st.stm32cube.ide.mcu.externaltools.gnu-tools-for-stm32.9-2020-q2-update.win32_1.5.0.202011040924/tools/bin/../lib/gcc/arm-none-eabi/9.3.1/../../../../arm-none-eabi/lib/thumb/v7e-m+fp/hard\libc_nano.a(lib_a-closer.o)
 .debug_frame   0x0000000000001370       0x2c c:/st/stm32cubeide_1.6.1/stm32cubeide/plugins/com.st.stm32cube.ide.mcu.externaltools.gnu-tools-for-stm32.9-2020-q2-update.win32_1.5.0.202011040924/tools/bin/../lib/gcc/arm-none-eabi/9.3.1/../../../../arm-none-eabi/lib/thumb/v7e-m+fp/hard\libc_nano.a(lib_a-fstatr.o)
 .debug_frame   0x000000000000139c       0x2c c:/st/stm32cubeide_1.6.1/stm32cubeide/plugins/com.st.stm32cube.ide.mcu.externaltools.gnu-tools-for-stm32.9-2020-q2-update.win32_1.5.0.202011040924/tools/bin/../lib/gcc/arm-none-eabi/9.3.1/../../../../arm-none-eabi/lib/thumb/v7e-m+fp/hard\libc_nano.a(lib_a-isattyr.o)
 .debug_frame   0x00000000000013c8       0x2c c:/st/stm32cubeide_1.6.1/stm32cubeide/plugins/com.st.stm32cube.ide.mcu.externaltools.gnu-tools-for-stm32.9-2020-q2-update.win32_1.5.0.202011040924/tools/bin/../lib/gcc/arm-none-eabi/9.3.1/../../../../arm-none-eabi/lib/thumb/v7e-m+fp/hard\libc_nano.a(lib_a-lseekr.o)
 .debug_frame   0x00000000000013f4       0x28 c:/st/stm32cubeide_1.6.1/stm32cubeide/plugins/com.st.stm32cube.ide.mcu.externaltools.gnu-tools-for-stm32.9-2020-q2-update.win32_1.5.0.202011040924/tools/bin/../lib/gcc/arm-none-eabi/9.3.1/../../../../arm-none-eabi/lib/thumb/v7e-m+fp/hard\libc_nano.a(lib_a-memcpy-stub.o)
 .debug_frame   0x000000000000141c       0x30 c:/st/stm32cubeide_1.6.1/stm32cubeide/plugins/com.st.stm32cube.ide.mcu.externaltools.gnu-tools-for-stm32.9-2020-q2-update.win32_1.5.0.202011040924/tools/bin/../lib/gcc/arm-none-eabi/9.3.1/../../../../arm-none-eabi/lib/thumb/v7e-m+fp/hard\libc_nano.a(lib_a-mlock.o)